// Jest Snapshot v1, https://goo.gl/fbAQLP

exports[`WalletOff tests basic tests matches the snapshot 1`] = `
<div
  className="sc-bdVaJa gOxpf"
  id="off"
>
  <div
    className="sc-bwzfXH bmjdvk"
  >
    MISSING: rewardsPanelOffText1
  </div>
  <div
    className="sc-htpNat HUgyh"
  >
    MISSING: rewardsPanelOffText2
  </div>
</div>
`;
