// Jest Snapshot v1, https://goo.gl/fbAQLP

exports[`List tests basic tests matches the snapshot 1`] = `
.c0 {
  font-family: Poppins,sans-serif;
}

.c6 {
  display: -webkit-box;
  display: -webkit-flex;
  display: -ms-flexbox;
  display: flex;
  -webkit-box-pack: justify;
  -webkit-justify-content: space-between;
  -ms-flex-pack: justify;
  justify-content: space-between;
  -webkit-align-items: stretch;
  -webkit-box-align: stretch;
  -ms-flex-align: stretch;
  align-items: stretch;
  -webkit-align-content: flex-start;
  -ms-flex-line-pack: start;
  align-content: flex-start;
  -webkit-flex-wrap: nowrap;
  -ms-flex-wrap: nowrap;
  flex-wrap: nowrap;
  max-width: 1320px;
  margin: 0 auto;
}

.c7 {
  -webkit-box-flex: 1;
  -webkit-flex-grow: 1;
  -ms-flex-positive: 1;
  flex-grow: 1;
  -webkit-flex-shrink: 1;
  -ms-flex-negative: 1;
  flex-shrink: 1;
  -webkit-flex-basis: calc(100% - 336px);
  -ms-flex-preferred-size: calc(100% - 336px);
  flex-basis: calc(100% - 336px);
  background: #e9f0ff;
  display: -webkit-box;
  display: -webkit-flex;
  display: -ms-flexbox;
  display: flex;
  -webkit-flex-wrap: wrap;
  -ms-flex-wrap: wrap;
  flex-wrap: wrap;
  -webkit-align-items: flex-start;
  -webkit-box-align: flex-start;
  -ms-flex-align: flex-start;
  align-items: flex-start;
  -webkit-align-content: space-between;
  -ms-flex-line-pack: space-between;
  align-content: space-between;
}

.c15 {
  -webkit-flex-basis: 336px;
  -ms-flex-preferred-size: 336px;
  flex-basis: 336px;
  background: #696fdc;
  -webkit-box-pack: justify;
  -webkit-justify-content: space-between;
  -ms-flex-pack: justify;
  justify-content: space-between;
  display: -webkit-box;
  display: -webkit-flex;
  display: -ms-flexbox;
  display: flex;
  -webkit-flex-direction: column;
  -ms-flex-direction: column;
  flex-direction: column;
}

.c1 {
  position: relative;
  min-width: 900px;
  background: #DBE3F3;
}

.c4 {
  font-size: 38px;
  font-weight: 600;
  line-height: 0.74;
  color: #d1d1db;
  height: 176px;
  background: url(test-file-stub) no-repeat top left,url(test-file-stub) no-repeat top right,#9e9fab;
}

.c2 {
  top: 14px;
  right: 17px;
  position: absolute;
  background: none;
  border: none;
  padding: 0;
  cursor: pointer;
  width: 27px;
  height: 27px;
  color: #B8B9C4;
}

.c8 {
  padding-left: 45px;
  -webkit-flex-basis: 217px;
  -ms-flex-preferred-size: 217px;
  flex-basis: 217px;
}

.c10 {
  background: inherit;
  -webkit-background-clip: text;
  color: transparent;
  -webkit-filter: invert(1) grayscale(1) contrast(9);
  filter: invert(1) grayscale(1) contrast(9);
  font-size: 80px;
  font-weight: 600;
  text-align: center;
  -webkit-letter-spacing: 0;
  -moz-letter-spacing: 0;
  -ms-letter-spacing: 0;
  letter-spacing: 0;
  line-height: 1;
  text-transform: uppercase;
  -webkit-user-select: none;
  -moz-user-select: none;
  -ms-user-select: none;
  user-select: none;
}

.c9 {
  border: 6px solid #fff;
  border-radius: 50%;
  width: 160px;
  height: 160px;
  background: #DE4D26;
  padding-top: 35px;
  margin: -66px 0 25px;
  overflow: hidden;
}

.c11 {
  -webkit-box-flex: 1;
  -webkit-flex-grow: 1;
  -ms-flex-positive: 1;
  flex-grow: 1;
  -webkit-flex-shrink: 1;
  -ms-flex-negative: 1;
  flex-shrink: 1;
  -webkit-flex-basis: calc(100% - 217px);
  -ms-flex-preferred-size: calc(100% - 217px);
  flex-basis: calc(100% - 217px);
}

.c13 {
  font-size: 28px;
  font-weight: 600;
  line-height: 1;
  color: #4b4c5c;
  margin: 10px 0 0;
}

.c14 {
  font-family: Muli,sans-serif;
  font-size: 16px;
  line-height: 1.5;
  color: #686978;
  padding-right: 37px;
}

.c16 {
  font-size: 12px;
  color: #afb2f1;
  text-align: right;
  margin: 8px 0 10px;
  padding: 0 19px 0 55px;
}

.c17 {
  color: #fff;
}

.c24 {
  color: rgba(255,255,255,0.65);
}

.c5 {
  max-width: 1024px;
  padding: 126px 0 0 238px;
  margin: 0 auto;
  -webkit-user-select: none;
  -moz-user-select: none;
  -ms-user-select: none;
  user-select: none;
}

.c12 {
  text-align: right;
  padding-right: 40px;
  margin-top: 15px;
}

.c18 {
  position: relative;
  font-family: Poppins,sans-serif;
  --donate-content-padding: 0 19px 0 55px;
  --donate-send-bg: #4c54d2;
  --donate-send-color: #fff;
  --donate-send-padding: 14px 19px 13px 51px;
  --donate-funds-padding: 13px 12px 13px 24px;
}

.c19 {
  padding: var(--donate-content-padding);
}

.c20 {
  font-size: 16px;
  font-weight: 600;
  line-height: 1.75;
  color: #fff;
  margin-bottom: 14px;
  white-space: nowrap;
  overflow: hidden;
  text-overflow: ellipsis;
  max-width: 167px;
}

.c25 {
  background: var(--donate-send-bg);
  font-size: 13px;
  font-weight: 600;
  -webkit-letter-spacing: 0.2px;
  -moz-letter-spacing: 0.2px;
  -ms-letter-spacing: 0.2px;
  letter-spacing: 0.2px;
  color: var(--donate-send-color);
  padding: var(--donate-send-padding);
  text-transform: uppercase;
  border: none;
  width: 100%;
  text-align: left;
  cursor: pointer;
}

.c26 {
  vertical-align: middle;
  display: inline-block;
  margin-right: 15px;
  color: #a1a8f2;
  width: 29px;
  height: 29px;
}

.c3 {
  width: 100%;
  height: 100%;
  fill: currentColor;
}

.c27 {
  width: 100%;
  height: 100%;
  fill: currentColor;
}

.c21 {
  font-family: Poppins,sans-serif;
  line-height: 1.3;
  display: -webkit-box;
  display: -webkit-flex;
  display: -ms-flexbox;
  display: flex;
  margin-bottom: 20px;
  --checkbox-label-color: #B8B9C4;
  --checkbox-label-size: 14px;
  color: var(--checkbox-label-color);
  font-size: var(--checkbox-label-size);
  cursor: pointer;
}

.c22 {
  border-radius: 2px;
  text-align: center;
  display: -webkit-box;
  display: -webkit-flex;
  display: -ms-flexbox;
  display: flex;
  -webkit-align-items: center;
  -webkit-box-align: center;
  -ms-flex-align: center;
  align-items: center;
  -webkit-box-pack: center;
  -webkit-justify-content: center;
  -ms-flex-pack: center;
  justify-content: center;
  padding: 0 2.5px;
  --checkbox-box-size: 18px;
  --checkbox-box-borderColor: #D1D1DB;
  --checkbox-box-color: #A1A8F2;
  --checkbox-box-spacing: 12px;
  -webkit-flex-basis: var(--checkbox-box-size);
  -ms-flex-preferred-size: var(--checkbox-box-size);
  flex-basis: var(--checkbox-box-size);
  width: var(--checkbox-box-size);
  height: var(--checkbox-box-size);
  color: var(--checkbox-box-color);
  border: 1px solid var(--checkbox-box-borderColor);
  margin-right: var(--checkbox-box-spacing);
}

.c23 {
  -webkit-flex: 1;
  -ms-flex: 1;
  flex: 1;
  padding-top: 1px;
  -webkit-letter-spacing: 0;
  -moz-letter-spacing: 0;
  -ms-letter-spacing: 0;
  letter-spacing: 0;
  display: -webkit-box;
  display: -webkit-flex;
  display: -ms-flexbox;
  display: flex;
}

<div
  className="c0"
  id="list"
  onKeyUp={[Function]}
  tabIndex={0}
>
  <div
    className="c1"
  >
    <button
      className="c2"
    >
      <svg
        aria-hidden="true"
        className="c3"
        focusable="false"
        viewBox="0 0 32 32"
      >
        <path
          d="M15.77817 14.36396l7.07107-7.07107c.39053-.39052 1.0237-.39052 1.41422 0 .39052.39053.39052 1.0237 0 1.41422l-7.07107 7.07106 7.07107 7.07107c.39052.39053.39052 1.0237 0 1.41422-.39053.39052-1.0237.39052-1.41422 0l-7.07107-7.07107-7.07106 7.07107c-.39053.39052-1.0237.39052-1.41422 0-.39052-.39053-.39052-1.0237 0-1.41422l7.07107-7.07107L7.2929 8.70711c-.39052-.39053-.39052-1.0237 0-1.41422.39053-.39052 1.0237-.39052 1.41422 0l7.07106 7.07107z"
        />
      </svg>
    </button>
    <div
      className="c4"
    >
      <div
        className="c5"
      />
    </div>
    <div
      className="c6"
    >
      <div
        className="c7"
      >
        <div
          className="c8"
        >
          <div
            className="c9"
          >
            <div
              className="c10"
            >
              
            </div>
          </div>
        </div>
        <div
          className="c11"
        >
          <div
            className="c12"
          />
          <div
            className="c13"
          >
            MISSING: welcome
          </div>
          <div
            className="c14"
          >
            <p>
              MISSING: rewardsBannerText1
            </p>
            <p>
              MISSING: rewardsBannerText2
            </p>
          </div>
        </div>
      </div>
      <div
        className="c15"
      >
        <div
          className="c16"
        >
          MISSING: walletBalance
           
          <span
            className="c17"
          >
             BAT
          </span>
        </div>
        <div
          className="c18"
          disabled={false}
        >
          <div
            className="c19"
          >
            <div
              className="c20"
            >
              MISSING: donationAmount
            </div>
            <div>
              <div
                className="c21"
                onClick={[Function]}
                size="small"
                type="dark"
              >
                <span
                  className="c22"
                  disabled={false}
                  selected={false}
                  size="small"
                  type="dark"
                />
                <span
                  className="c23"
                  disabled={false}
                  size="small"
                >
                  <span
                    className="c24"
                  >
                    MISSING: makeMonthly
                  </span>
                </span>
              </div>
            </div>
          </div>
          <button
            className="c25"
            onClick={[Function]}
          >
            <span
              className="c26"
              disabled={false}
            >
              <svg
                aria-hidden="true"
                className="c27"
                focusable="false"
                viewBox="0 0 32 32"
              >
                <path
                  d="M16.508 24.6169l-2.534-5.629 9.725-9.41-7.191 15.039zm5.876-16.55l-9.773 9.458-5.341-2.954 15.114-6.504zm5.605-3.011c.003-.038.001-.073-.001-.111-.003-.083-.018-.163-.042-.244-.011-.034-.019-.068-.033-.102-.047-.108-.107-.211-.192-.3h-.001c0-.001 0-.002-.001-.002-.004-.004-.009-.005-.013-.009-.083-.084-.179-.146-.281-.194-.034-.016-.067-.025-.103-.037-.079-.027-.159-.044-.242-.051-.037-.003-.071-.007-.108-.006-.092.003-.181.02-.27.048-.025.008-.051.01-.076.02-.007.003-.014.003-.021.006l-22 9.466c-.351.151-.584.488-.604.869-.018.381.181.74.515.925l7.482 4.138 3.571 7.931c.16.355.511.585.9.589h.012c.384 0 .736-.221.902-.569l10.52-22c.003-.008.003-.016.006-.024.013-.027.016-.054.026-.082.029-.086.05-.172.054-.261z"
                  fillRule="evenodd"
                />
              </svg>
            </span>
            MISSING: sendDonation
          </button>
        </div>
      </div>
    </div>
  </div>
</div>
`;
