// Jest Snapshot v1, https://goo.gl/fbAQLP

exports[`WalletWrapper tests basic tests matches the snapshot 1`] = `
.c0 {
  border-radius: 6px;
  box-shadow: 0 0 8px 0 rgba(99,105,110,0.12);
  overflow: hidden;
  font-family: Poppins,sans-serif;
  width: 373px;
  background: url(test-file-stub) no-repeat top left, linear-gradient(172deg,#392dd1,rgba(255,26,26,0.53)), linear-gradient(#7d7bdc,#7d7bdc);
  min-height: 715px;
  display: -webkit-box;
  display: -webkit-flex;
  display: -ms-flexbox;
  display: flex;
  -webkit-flex-direction: column;
  -ms-flex-direction: column;
  flex-direction: column;
}

.c1 {
  padding: 16px 21px 0 19px;
  position: relative;
}

.c2 {
  font-size: 16px;
  font-weight: 500;
  line-height: 1.38;
  -webkit-letter-spacing: -0.2px;
  -moz-letter-spacing: -0.2px;
  -ms-letter-spacing: -0.2px;
  letter-spacing: -0.2px;
  color: rgba(255,255,255,0.65);
}

.c3 {
  text-align: center;
}

.c6 {
  display: -webkit-box;
  display: -webkit-flex;
  display: -ms-flexbox;
  display: flex;
  -webkit-box-pack: center;
  -webkit-justify-content: center;
  -ms-flex-pack: center;
  justify-content: center;
}

.c4 {
  font-size: 36px;
  line-height: 0.61;
  -webkit-letter-spacing: -0.4px;
  -moz-letter-spacing: -0.4px;
  -ms-letter-spacing: -0.4px;
  letter-spacing: -0.4px;
  color: #fff;
  margin-top: 10px;
}

.c13 {
  padding: 0px;
  position: relative;
  background: #f9fbfc;
  -webkit-flex: 1;
  -ms-flex: 1;
  flex: 1;
}

.c11 {
  text-align: center;
  font-size: 12px;
  color: #fff;
  display: -webkit-box;
  display: -webkit-flex;
  display: -ms-flexbox;
  display: flex;
  -webkit-box-pack: space-around;
  -webkit-justify-content: space-around;
  -ms-flex-pack: space-around;
  justify-content: space-around;
  margin: 20px 0 0;
  padding-bottom: 3px;
}

.c5 {
  text-transform: uppercase;
  opacity: 0.66;
  font-family: Muli,sans-serif;
  font-size: 16px;
  line-height: 0.88;
  color: #fff;
}

.c12 {
  padding: 10px 0;
  position: relative;
  overflow: hidden;
  margin: 0 -21px 0 -19px;
  z-index: 5;
}

.c12:before {
  content: "";
  position: absolute;
  bottom: -16px;
  margin-left: -50%;
  height: 240px;
  width: 200%;
  border-radius: 100%;
  border: 20px solid #f9fbfc;
}

.c10 {
  width: 100%;
  height: 100%;
  fill: currentColor;
}

.c7 {
  --button-main-color: #C5C5D3;
  --button-main-color-hover: #C5C5D3;
  --button-main-color-active: #C5C5D3;
  --button-state-color: var(--button-main-color);
  --icon-size: 14px;
  --icon-spacing: 6px;
  --webkit-appearance: none;
  box-sizing: border-box;
  background: none;
  border: none;
  outline: none;
  display: -webkit-box;
  display: -webkit-flex;
  display: -ms-flexbox;
  display: flex;
  -webkit-flex-direction: row;
  -ms-flex-direction: row;
  flex-direction: row;
  -webkit-box-pack: center;
  -webkit-justify-content: center;
  -ms-flex-pack: center;
  justify-content: center;
  -webkit-align-items: center;
  -webkit-box-align: center;
  -ms-flex-align: center;
  align-items: center;
  font-family: Poppins,sans-serif;
  cursor: default;
  -webkit-user-select: none;
  -moz-user-select: none;
  -ms-user-select: none;
  user-select: none;
  font-size: 11px;
  border-radius: 16px;
  width: auto;
  min-width: 88px;
  padding: 7px 10px;
  border: 1px solid;
  color: var(--button-state-color);
}

.c7:hover:enabled {
  --button-state-color: var(--button-main-color-hover);
}

.c7:active:enabled {
  --button-state-color: var(--button-main-color-active);
}

.c8 {
  min-height: var(--icon-size);
  display: -webkit-box;
  display: -webkit-flex;
  display: -ms-flexbox;
  display: flex;
  -webkit-align-items: center;
  -webkit-box-align: center;
  -ms-flex-align: center;
  align-items: center;
  text-align: center;
  -webkit-letter-spacing: 0;
  -moz-letter-spacing: 0;
  -ms-letter-spacing: 0;
  letter-spacing: 0;
  font-weight: 600;
  text-transform: none;
  line-height: 1;
}

.c9 {
  display: block;
  line-height: 0;
  height: var(--icon-size);
  width: var(--icon-size);
  margin: 0 -4px 0 var(--icon-spacing);
}

<div
  className="c0"
  id="panel"
>
  <div
    className="c1"
  >
    <div
      className="c2"
    >
      MISSING: yourWallet
    </div>
    <div
      className="c3"
    >
      <div
        className="c4"
      >
        00.00
         
        <span
          className="c5"
        >
          BAT
        </span>
      </div>
      <div
        className="c6"
      >
        <button
          className="c7"
          disabled={true}
          icon={
            Object {
              "image": <styled.svg />,
              "position": "after",
            }
          }
          size="small"
          type="subtle"
        >
          <div
            className="c8"
            disabled={true}
            icon={
              Object {
                "image": <styled.svg />,
                "position": "after",
              }
            }
            size="small"
            type="subtle"
          >
            MISSING: grants
          </div>
          <div
            className="c9"
            disabled={true}
            icon={
              Object {
                "image": <styled.svg />,
                "position": "after",
              }
            }
            size="small"
            type="subtle"
          >
            <svg
              aria-hidden="true"
              className="c10"
              focusable="false"
              viewBox="0 0 32 32"
            >
              <path
                d="M16 17.68292l6.3492-5.44218c.41933-.35942 1.05063-.31086 1.41006.10847.35942.41932.31086 1.05062-.10847 1.41005l-7 6c-.37449.32099-.9271.32099-1.30158 0l-7-6c-.41933-.35943-.46789-.99073-.10847-1.41005.35943-.41933.99073-.46789 1.41005-.10847L16 17.68292z"
              />
            </svg>
          </div>
        </button>
      </div>
    </div>
    <div
      className="c11"
    />
    <div
      className="c12"
    />
  </div>
  <div
    className="c13"
  />
</div>
`;
