// Jest Snapshot v1, https://goo.gl/fbAQLP

exports[`WalletWrapper tests basic tests matches the snapshot 1`] = `
<div
  className="sc-bZQynM HSWqN"
  id="panel"
>
  <div
    className="sc-gzVnrw jMcLnN"
  >
    <div
      className="sc-htoDjs fWSQxJ"
    >
      MISSING: yourWallet
    </div>
    <div
      className="sc-dnqmqq fXmtAI"
    >
      <div
        className="sc-gZMcBi fihUKb"
        data-test-id="balance"
      >
         
        <span
          className="sc-dxgOiQ gHjlEg"
        >
          MISSING: bat
        </span>
      </div>
    </div>
    <div
      className="sc-kpOJdX iXMJUq"
    />
    <div
      className="sc-ckVGcZ guCBTa"
    />
  </div>
  <div
    className="sc-gqjmRU cGvwly"
  />
</div>
`;
