// Jest Snapshot v1, https://goo.gl/fbAQLP

exports[`MainToggle tests basic tests matches the snapshot 1`] = `
<div
  className="sc-bdVaJa fTVVDk"
  id="mainToggle"
>
  <div
    className="sc-bwzfXH fosQZX"
  >
    <div
      className="sc-bxivhb gepbvZ"
    >
      <div
        className="sc-gzVnrw bXtelh"
      >
        <svg
          aria-hidden="true"
          className="sc-bXGyLb wWrXG"
          focusable="false"
          viewBox="0 0 32 32"
        >
          <path
            d="M9.61 23.25h12.78L16 12 9.61 23.25z"
            fill="#fff"
            fillRule="evenodd"
          />
          <path
            d="M3 26.8l7.67-4.52L16 13V4a.45.45 0 0 0-.38.28l-6.27 11-6.26 11a.48.48 0 0 0 0 .48"
            fill="#ff4724"
            fillRule="evenodd"
          />
          <path
            d="M16 4v9l5.29 9.31L29 26.8a.48.48 0 0 0-.05-.48l-6.26-11-6.27-11A.45.45 0 0 0 16 4"
            fill="#9e1f63"
            fillRule="evenodd"
          />
          <path
            d="M29 26.8l-7.67-4.52H10.71L3 26.8a.47.47 0 0 0 .43.2h25.1a.47.47 0 0 0 .43-.2"
            fill="#662d91"
            fillRule="evenodd"
          />
        </svg>
      </div>
      <div
        className="sc-htpNat imeFUU"
      >
        MISSING: braveRewards
      </div>
    </div>
    <div
      className="sc-htoDjs juvQWM"
    >
      <div
        className="sc-gqjmRU eGoNRt"
        size="large"
      >
        MISSING: off
      </div>
      <div
        className="sc-dnqmqq jrioFj"
        data-test-id="toggle"
        size="large"
      >
        <div
          className="sc-iwsKbI ReMKB"
          size="large"
        />
        <div
          className="sc-gZMcBi fTrUVY"
          size="large"
          type="dark"
        />
      </div>
    </div>
  </div>
  <div
    className="sc-ifAKCX isBYeA"
  >
    <span
      className="sc-EHOje iObMmT"
    >
      MISSING: serviceTextToggle
       
      <a
        className="sc-bZQynM hfcwBh"
      >
        MISSING: termsOfService
      </a>
       
      MISSING: and
       
      <a
        className="sc-bZQynM hfcwBh"
      >
        MISSING: privacyPolicy
      </a>
      .
    </span>
  </div>
</div>
`;
