// Jest Snapshot v1, https://goo.gl/fbAQLP

exports[`Box tests basic tests matches the snapshot 1`] = `
<div
  className="sc-htpNat kUoBRW sc-bdVaJa ckHBAc"
  data-test-id="box"
>
  <div
    className="sc-htpNat kUoBRW sc-bwzfXH dkDPEG"
  >
    <div
      className="sc-bxivhb imCjfa"
    >
      <div
        className="sc-ifAKCX cwPYdI"
        open={true}
      >
        <div
          className="sc-dxgOiQ jyDakT"
        >
          <div
            className="sc-EHOje cYKJPg"
          >
            <div
              className="sc-gzVnrw lgDJWD"
            >
              test
            </div>
          </div>
          <div
            className="sc-bZQynM iUofbQ"
          />
        </div>
        <div
          className="sc-htoDjs kuAiJg"
        />
        <div
          className="sc-jzJRlG htrcie"
        >
          <div
            className="sc-dnqmqq hUVTEh"
          />
        </div>
      </div>
    </div>
  </div>
</div>
`;
