// Jest Snapshot v1, https://goo.gl/fbAQLP

exports[`Tab tests basic tests matches the snapshot 1`] = `
<div
  className="sc-bdVaJa iHEKJm"
>
  <div
    className="sc-bwzfXH ijDaQl"
  >
    <div
      className="sc-htpNat cZpMFM"
    >
      <div
        className="sc-ifAKCX kLJYgT"
        onClick={[Function]}
      >
        <div
          className="sc-EHOje brxGLH"
          selected={true}
        >
          Test1
        </div>
      </div>
      <div
        className="sc-ifAKCX jSPOHO"
        onClick={[Function]}
      >
        <div
          className="sc-EHOje cjtmjW"
          selected={false}
        >
          Test2
        </div>
      </div>
    </div>
    <div
      className="sc-bxivhb cvEtIz"
    />
  </div>
</div>
`;
