// Jest Snapshot v1, https://goo.gl/fbAQLP

exports[`Alert tests basic tests matches the snapshot 1`] = `
<div
  className="sc-bdVaJa eSIAYE"
  id="alert"
  type="success"
>
  <span
    className="sc-bwzfXH eRyycM"
  >
    <div
      className="sc-EHOje kSeTMO"
    >
      <svg
        aria-hidden="true"
        className="sc-jAaTju euHiHR"
        focusable="false"
        viewBox="0 0 32 32"
      >
        <path
          d="M16 3a13 13 0 1 0 13 13A13 13 0 0 0 16 3zm0 24a11 11 0 1 1 11-11 11 11 0 0 1-11 11z"
        />
        <path
          d="M21.72 11.57l-7.57 7.63-3.9-3.91a1 1 0 1 0-1.42 1.42l4.62 4.61a1 1 0 0 0 .7.3 1 1 0 0 0 .7-.3L23.14 13a1 1 0 0 0 0-1.42 1 1 0 0 0-1.42-.01z"
        />
      </svg>
    </div>
  </span>
  <div
    className="sc-htpNat hJMDHc"
    type="success"
  />
</div>
`;
