// Jest Snapshot v1, https://goo.gl/fbAQLP

exports[`Alert tests basic tests matches the snapshot 1`] = `
.c0 {
  height: 100%;
  display: -webkit-box;
  display: -webkit-flex;
  display: -ms-flexbox;
  display: flex;
  -webkit-box-pack: start;
  -webkit-justify-content: flex-start;
  -ms-flex-pack: start;
  justify-content: flex-start;
  -webkit-align-content: flex-start;
  -ms-flex-line-pack: start;
  align-content: flex-start;
  -webkit-align-items: center;
  -webkit-box-align: center;
  -ms-flex-align: center;
  align-items: center;
  -webkit-flex-wrap: nowrap;
  -ms-flex-wrap: nowrap;
  flex-wrap: nowrap;
  padding: 15px 38px 15px 19px;
  font-family: Poppins,sans-serif;
  width: 100%;
  --alert-wrapper-color: #fff;
  background: var(--alert-wrapper-color);
}

.c1 {
  width: 40px;
  height: 40px;
  -webkit-flex-basis: 40px;
  -ms-flex-preferred-size: 40px;
  flex-basis: 40px;
}

.c4 {
  -webkit-box-flex: 1;
  -webkit-flex-grow: 1;
  -ms-flex-positive: 1;
  flex-grow: 1;
  -webkit-flex-basis: 50%;
  -ms-flex-preferred-size: 50%;
  flex-basis: 50%;
  padding-left: 19px;
  font-family: Muli,sans-serif;
  font-size: 16px;
  font-weight: 300;
  -webkit-letter-spacing: -0.3px;
  -moz-letter-spacing: -0.3px;
  -ms-letter-spacing: -0.3px;
  letter-spacing: -0.3px;
  --alert-content-color: #838391;
  --alert-content-bold: #4b4c5c;
  color: var(--alert-content-color);
}

.c4 b {
  font-weight: 600;
  color: var(--alert-content-bold);
}

.c2 {
  color: #1BBA6A;
}

.c3 {
  width: 100%;
  height: 100%;
  fill: currentColor;
}

<div
  className="c0"
  id="alert"
  type="success"
>
  <span
    className="c1"
  >
    <div
      className="c2"
    >
      <svg
        aria-hidden="true"
        className="c3"
        focusable="false"
        viewBox="0 0 32 32"
      >
        <path
          d="M16 3a13 13 0 1 0 13 13A13 13 0 0 0 16 3zm0 24a11 11 0 1 1 11-11 11 11 0 0 1-11 11z"
        />
        <path
          d="M21.72 11.57l-7.57 7.63-3.9-3.91a1 1 0 1 0-1.42 1.42l4.62 4.61a1 1 0 0 0 .7.3 1 1 0 0 0 .7-.3L23.14 13a1 1 0 0 0 0-1.42 1 1 0 0 0-1.42-.01z"
        />
      </svg>
    </div>
  </span>
  <div
    className="c4"
    type="success"
  />
</div>
`;
