// Jest Snapshot v1, https://goo.gl/fbAQLP

exports[`Grant captcha tests basic tests matches the snapshot 1`] = `
<div
  className="sc-bdVaJa glUVRO"
  id="captcha"
>
  <div
    className="sc-htpNat gXzayw"
  >
    <div
      className="sc-bxivhb erCrFP"
    >
      <img
        className="sc-EHOje jkqEc"
        draggable={true}
        onDragStart={[Function]}
      />
    </div>
    <div
      className="sc-ifAKCX eDHzGh"
    >
      MISSING: dndCaptchaText1
       
      <b />
       
      MISSING: dndCaptchaText2
    </div>
  </div>
  <img
    className="sc-bwzfXH dzGrHy"
    draggable={false}
    onDragOver={[Function]}
    onDrop={[Function]}
  />
</div>
`;
