// Jest Snapshot v1, https://goo.gl/fbAQLP

exports[`ModalShowAdsHistory tests basic tests matches the snapshot 1`] = `
<div
  className="sc-jTzLTM fgwyzW"
  data-test-id="show-ads-history-modal"
  id="modal"
  onClick={[Function]}
>
  <div
    className="sc-fjdhpX jtwgyt"
    size="normal"
  >
    <div
      className="sc-jzJRlG cDVRvb"
    >
      <svg
        aria-hidden="true"
        className="sc-gisBJw hMoqWV"
        focusable="false"
        viewBox="0 0 32 32"
      >
        <path
          d="M16 3a13 13 0 1 0 13 13A13 13 0 0 0 16 3zm0 24a11 11 0 1 1 11-11 11 11 0 0 1-11 11z"
        />
        <path
          d="M20.71 11.29a1 1 0 0 0-1.42 0L16 14.59l-3.29-3.3a1 1 0 0 0-1.42 1.42l3.3 3.29-3.3 3.29a1 1 0 0 0 0 1.42 1 1 0 0 0 1.42 0l3.29-3.3 3.29 3.3a1 1 0 0 0 1.42 0 1 1 0 0 0 0-1.42L17.41 16l3.3-3.29a1 1 0 0 0 0-1.42z"
        />
      </svg>
    </div>
    <div
      className="sc-cSHVUG gKpcEV"
    >
      <div
        className="sc-bdVaJa fZvvsg"
      >
        <div
          className="sc-ifAKCX dNSuqi"
        >
          MISSING: adsHistoryTitle
        </div>
        <div
          className="sc-bZQynM lkrzlw"
        >
          MISSING: adsHistorySubTitle
        </div>
        <div
          className="sc-iwsKbI hZjfRO"
        >
          <div
            className="sc-htoDjs foPVDS"
          >
            <span
              className="sc-gzVnrw bTjDid"
            >
              MISSING: adsCurrentlyViewing
            </span>
            <span
              className="sc-dnqmqq fiCWbI"
            >
              0
            </span>
          </div>
        </div>
        <div>
          <div
            className="sc-ebFjAB PvjpZ"
          >
            MISSING: noAdsHistory
          </div>
        </div>
      </div>
    </div>
  </div>
</div>
`;
