// Jest Snapshot v1, https://goo.gl/fbAQLP

exports[`Grant claim tests basic tests matches the snapshot 1`] = `
<div
  className="sc-bdVaJa kcaxkU"
  id="claim"
>
  <div
    className="sc-bwzfXH eomZhn"
  />
  <div
    className="sc-htpNat dEdiqe"
  >
    MISSING: earningsClaimDefault
  </div>
  <button
    className="sc-bxivhb dETOfY"
  >
    MISSING: claim
  </button>
</div>
`;
