// Jest Snapshot v1, https://goo.gl/fbAQLP

exports[`Grant claim tests basic tests matches the snapshot 1`] = `
.c0 {
  display: -webkit-box;
  display: -webkit-flex;
  display: -ms-flexbox;
  display: flex;
  -webkit-align-items: center;
  -webkit-box-align: center;
  -ms-flex-align: center;
  align-items: center;
  -webkit-flex-wrap: nowrap;
  -ms-flex-wrap: nowrap;
  flex-wrap: nowrap;
  font-family: Poppins,sans-serif;
  border-radius: 6px;
  background-color: #fff;
  overflow: hidden;
  padding-left: 20px;
  margin-bottom: 19px;
  width: 100%;
}

.c1 {
  -webkit-flex-basis: 52px;
  -ms-flex-preferred-size: 52px;
  flex-basis: 52px;
  height: 52px;
  width: 52px;
  -webkit-flex-shrink: 0;
  -ms-flex-negative: 0;
  flex-shrink: 0;
  color: #FF9868;
}

.c3 {
  -webkit-box-flex: 1;
  -webkit-flex-grow: 1;
  -ms-flex-positive: 1;
  flex-grow: 1;
  -webkit-flex-shrink: 1;
  -ms-flex-negative: 1;
  flex-shrink: 1;
  -webkit-flex-basis: 70%;
  -ms-flex-preferred-size: 70%;
  flex-basis: 70%;
  font-size: 16px;
  font-weight: 500;
  line-height: 1.25;
  color: #fb542b;
  padding: 0 10px;
}

.c4 {
  -webkit-flex-basis: 90px;
  -ms-flex-preferred-size: 90px;
  flex-basis: 90px;
  height: 64px;
  background-color: #fb542b;
  font-family: Muli,sans-serif;
  font-size: 12px;
  line-height: 1.83;
  -webkit-letter-spacing: 0.4px;
  -moz-letter-spacing: 0.4px;
  -ms-letter-spacing: 0.4px;
  letter-spacing: 0.4px;
  color: #fff;
  border: none;
  text-transform: uppercase;
  cursor: pointer;
}

.c2 {
  width: 100%;
  height: 100%;
  fill: currentColor;
}

<div
  className="c0"
  id="claim"
>
  <div
    className="c1"
  >
    <svg
      aria-hidden="true"
      className="c2"
      focusable="false"
      viewBox="0 0 32 32"
    >
      <defs>
        <path
          d="M13 25.5C6.09644 25.5.5 19.90356.5 13S6.09644.5 13 .5 25.5 6.09644 25.5 13 19.90356 25.5 13 25.5zm0-1c6.35127 0 11.5-5.14873 11.5-11.5S19.35127 1.5 13 1.5 1.5 6.64873 1.5 13 6.64873 24.5 13 24.5zm-4.00018-15C8.68597 9.08217 8.5 8.5628 8.5 8c0-1.38071 1.11929-2.5 2.5-2.5.8178 0 1.54389.39267 2 .99976.45611-.60709 1.1822-.99976 2-.99976 1.38071 0 2.5 1.11929 2.5 2.5 0 .5628-.18597 1.08217-.49982 1.5H19c.27614 0 .5.22386.5.5v3c0 .27614-.22386.5-.5.5h-.5V19c0 .27614-.22386.5-.5.5H8c-.27614 0-.5-.22386-.5-.5v-5.5H7c-.27614 0-.5-.22386-.5-.5v-3c0-.27614.22386-.5.5-.5h1.99982zM11 9.5h1.5V8c0-.82843-.67157-1.5-1.5-1.5S9.5 7.17157 9.5 8s.67157 1.5 1.5 1.5zm2.5 0H15c.82843 0 1.5-.67157 1.5-1.5s-.67157-1.5-1.5-1.5-1.5.67157-1.5 1.5v1.5zm0 1v2h5v-2h-5zm-1 0h-5v2h5v-2zm0 3h-4v5h4v-5zm1 0v5h4v-5h-4z"
          id="gift"
        />
      </defs>
      <use
        transform="translate(3 3)"
        xlinkHref="#gift"
      />
    </svg>
  </div>
  <div
    className="c3"
  >
    MISSING: newGrant
  </div>
  <button
    className="c4"
  >
    MISSING: claim
  </button>
</div>
`;
