// Jest Snapshot v1, https://goo.gl/fbAQLP

exports[`ModalActivity tests basic tests matches the snapshot 1`] = `
<div
  className="sc-hgRTRy givGwc"
  id="activity"
  onClick={[Function]}
>
  <div
    className="sc-iIHSe bNqIcf"
    size="normal"
  >
    <div
      className="sc-gldTML eZNMaP"
    >
      <svg
        aria-hidden="true"
        className="sc-esjQYD jNYUXi"
        focusable="false"
        viewBox="0 0 32 32"
      >
        <path
          d="M16 3a13 13 0 1 0 13 13A13 13 0 0 0 16 3zm0 24a11 11 0 1 1 11-11 11 11 0 0 1-11 11z"
        />
        <path
          d="M20.71 11.29a1 1 0 0 0-1.42 0L16 14.59l-3.29-3.3a1 1 0 0 0-1.42 1.42l3.3 3.29-3.3 3.29a1 1 0 0 0 0 1.42 1 1 0 0 0 1.42 0l3.29-3.3 3.29 3.3a1 1 0 0 0 1.42 0 1 1 0 0 0 0-1.42L17.41 16l3.3-3.29a1 1 0 0 0 0-1.42z"
        />
      </svg>
    </div>
    <div
      className="sc-feryYK gWYMke"
    >
      <div
        className="sc-bdVaJa hvhqOZ"
      >
        <div
          className="sc-bxivhb gavmrP"
        >
          <div
            className="sc-ifAKCX kpDxHx"
          />
          <div
            className="sc-EHOje ineGwH"
          >
            <div
              className="sc-gzVnrw cxugKJ"
            >
              <button
                className="sc-htoDjs deOFJA"
              >
                <span
                  className="sc-kgoBCf gjhdBJ"
                >
                  <svg
                    aria-hidden="true"
                    className="sc-esOvli fxYuto"
                    focusable="false"
                    viewBox="0 0 32 32"
                  >
                    <path
                      d="M23 13h1c.552 0 1 .447 1 1 0 .553-.448 1-1 1h-1c-.552 0-1-.447-1-1 0-.553.448-1 1-1zm3 9h-2v-4c0-.553-.448-1-1-1H9c-.552 0-1 .447-1 1v4H6V12h20v10zm-16 4h12v-7H10v7zm0-16h12V6H10v4zm16 0h-2V5c0-.553-.448-1-1-1H9c-.552 0-1 .447-1 1v5H6c-1.103 0-2 .897-2 2v10c0 1.103.897 2 2 2h2v3c0 .553.448 1 1 1h14c.552 0 1-.447 1-1v-3h2c1.103 0 2-.897 2-2V12c0-1.103-.897-2-2-2z"
                      fillRule="evenodd"
                    />
                  </svg>
                </span>
                <div
                  className="sc-dnqmqq eGkjGo"
                >
                  MISSING: print
                </div>
              </button>
              <button
                className="sc-htoDjs deOFJA"
              >
                <span
                  className="sc-kgoBCf gjhdBJ"
                >
                  <svg
                    aria-hidden="true"
                    className="sc-ibxdXY ePqUhM"
                    focusable="false"
                    viewBox="0 0 32 32"
                  >
                    <path
                      d="M15.25 21.65a1 1 0 0 0 1.5 0l5.89-4.88a1 1 0 1 0-1.28-1.54L17 18.84V4a1 1 0 0 0-2 0v14.84l-4.36-3.61a1 1 0 0 0-1.28 1.54z"
                    />
                    <path
                      d="M28 20a1 1 0 0 0-1 1v5a1 1 0 0 1-1 1H6a1 1 0 0 1-1-1v-5a1 1 0 0 0-2 0v5a3 3 0 0 0 3 3h20a3 3 0 0 0 3-3v-5a1 1 0 0 0-1-1z"
                    />
                  </svg>
                </span>
                <div
                  className="sc-dnqmqq eGkjGo"
                >
                  MISSING: downloadPDF
                </div>
              </button>
            </div>
          </div>
        </div>
        <div
          className="sc-gZMcBi fvjoQF"
        >
          <div
            className="sc-fjdhpX kgZjXl"
          >
            MISSING: transactions
          </div>
          <div>
            <div>
              <table
                className="sc-eHgmQL cTSami"
              >
                <thead>
                  <tr>
                    <th
                      className="sc-cvbbAY boIDpm"
                    >
                      MISSING: date
                    </th>
                    <th
                      className="sc-cvbbAY boIDpm"
                    >
                      MISSING: type
                    </th>
                    <th
                      className="sc-cvbbAY boIDpm"
                    >
                      MISSING: description
                    </th>
                    <th
                      className="sc-cvbbAY boIDpm"
                    >
                      <div
                        className="sc-hQfrgq bsfMin"
                      >
                        MISSING: amount
                      </div>
                    </th>
                  </tr>
                </thead>
              </table>
              <div
                className="sc-hSdWYo bnVzmx"
              />
            </div>
          </div>
          <div
            className="sc-fjdhpX kgZjXl"
          >
            <span>
              MISSING: contributeAllocation
            </span>
            <div
              className="sc-jzJRlG jYsrDu"
            >
              MISSING: paymentMonthly
            </div>
          </div>
          <div>
            <div>
              <table
                className="sc-eHgmQL cTSami"
              >
                <thead>
                  <tr>
                    <th
                      className="sc-cvbbAY fTZMnm"
                    >
                      <div>
                        MISSING: rewardsContributeVisited
                      </div>
                    </th>
                    <th
                      className="sc-cvbbAY fTZMnm"
                    >
                      <div
                        className="sc-eNQAEJ llJHoY"
                      >
                        MISSING: rewardsContributeAttention
                      </div>
                    </th>
                    <th
                      className="sc-cvbbAY fTZMnm"
                    >
                      <div
                        className="sc-hMqMXs fEsWKP sc-eNQAEJ llJHoY"
                      >
                        MISSING: payment
                      </div>
                    </th>
                  </tr>
                </thead>
              </table>
              <div
                className="sc-hSdWYo bnVzmx"
              />
            </div>
          </div>
          <div
            className="sc-cSHVUG dnMHEO"
          >
            <div
              className="sc-dxgOiQ Efzjo"
            >
              <svg
                aria-hidden="true"
                className="sc-gojNiO dEgTxv"
                focusable="false"
                viewBox="0 0 32 32"
              >
                <path
                  d="M30 16c0 7.73-6.27 14-14 14-7.732 0-14-6.269-14-14S8.268 2 16 2c7.73 0 14 6.27 14 14zm-15.573 3.374l-3.495-3.04a1.167 1.167 0 0 0-1.531 1.761l4.42 3.845c.503.438 1.27.365 1.682-.16l7.646-9.726a1.167 1.167 0 0 0-1.834-1.442l-6.888 8.762z"
                />
              </svg>
            </div>
            <div
              className="sc-kAzzGY kMRFgA"
            >
              MISSING: braveVerified
            </div>
          </div>
        </div>
        <div
          className="sc-jTzLTM cfegPr"
        >
          <b>
            MISSING: pleaseNote
          </b>
           
          MISSING: activityNote
          <br />
          <br />
          MISSING: activityCopy
        </div>
      </div>
    </div>
  </div>
</div>
`;
