// Jest Snapshot v1, https://goo.gl/fbAQLP

exports[`Tokens tests basic tests matches the snapshot 1`] = `
.c0 {
  font-family: Poppins,sans-serif;
  font-weight: 300;
  line-height: 1.4;
  color: #686978;
  display: inline-block;
}

.c1 {
  color: #4b4c5c;
  font-size: 16px;
  font-weight: 500;
}

.c2 {
  font-size: 14px;
  font-weight: 300;
  display: inline-block;
  margin-left: 4px;
}

<span
  id="tokens"
>
  <span
    className="c0"
  >
    <span
      className="c1"
    >
      
      10.0
    </span>
    <span
      className="c2"
    >
      BAT
    </span>
  </span>
</span>
`;
