// Jest Snapshot v1, https://goo.gl/fbAQLP

exports[`ModalAddFunds tests basic tests matches the snapshot 1`] = `
<div
  className="sc-kpOJdX jpznxG"
  id="modal"
  onClick={[Function]}
>
  <div
    className="sc-dxgOiQ hjCLQn"
    size="normal"
  >
    <div
      className="sc-ckVGcZ bHnoAp"
    >
      <svg
        aria-hidden="true"
        className="sc-frDJqD bnsddl"
        focusable="false"
        viewBox="0 0 32 32"
      >
        <path
          d="M16 3a13 13 0 1 0 13 13A13 13 0 0 0 16 3zm0 24a11 11 0 1 1 11-11 11 11 0 0 1-11 11z"
        />
        <path
          d="M20.71 11.29a1 1 0 0 0-1.42 0L16 14.59l-3.29-3.3a1 1 0 0 0-1.42 1.42l3.3 3.29-3.3 3.29a1 1 0 0 0 0 1.42 1 1 0 0 0 1.42 0l3.29-3.3 3.29 3.3a1 1 0 0 0 1.42 0 1 1 0 0 0 0-1.42L17.41 16l3.3-3.29a1 1 0 0 0 0-1.42z"
        />
      </svg>
    </div>
    <div
      className="sc-jKJlTe gsPrjO"
    >
      <div
        className="sc-bZQynM fXJRED"
      >
        <div
          className="sc-gzVnrw cPMxVj"
        >
          MISSING: addFundsTitle
        </div>
        <p
          className="sc-kGXeez VUxFl"
        >
          MISSING: addFundsText
        </p>
        <div
          className="sc-dnqmqq glDomO"
          data-test-id="addresses"
        />
        <div
          className="sc-htoDjs biAWTq"
        >
          MISSING: addFundsNote
           
          <a
            className="sc-kAzzGY glXQhK"
            href="https://brave.com/faq-payments/#brave-payments"
            target="_blank"
          >
            MISSING: addFundsFAQ
          </a>
          .
        </div>
      </div>
    </div>
  </div>
</div>
`;
