// Jest Snapshot v1, https://goo.gl/fbAQLP

exports[`Donate tests basic tests matches the snapshot 1`] = `
.c0 {
  position: relative;
  font-family: Poppins,sans-serif;
  --donate-content-padding: 0 0 0 23px;
  --donate-send-bg: #392dd1;
  --donate-send-color: #fff;
  --donate-send-padding: 11px 0 10px 47px;
  --donate-funds-padding: 12px 0 11px 25px;
}

.c1 {
  padding: var(--donate-content-padding);
}

.c2 {
  font-size: 16px;
  font-weight: 600;
  line-height: 1.75;
  color: #fff;
  margin-bottom: 14px;
  white-space: nowrap;
  overflow: hidden;
  text-overflow: ellipsis;
  max-width: 167px;
}

.c3 {
  background: var(--donate-send-bg);
  font-size: 13px;
  font-weight: 600;
  -webkit-letter-spacing: 0.2px;
  -moz-letter-spacing: 0.2px;
  -ms-letter-spacing: 0.2px;
  letter-spacing: 0.2px;
  color: var(--donate-send-color);
  padding: var(--donate-send-padding);
  text-transform: uppercase;
  border: none;
  width: 100%;
  text-align: left;
  cursor: pointer;
}

.c4 {
  vertical-align: middle;
  display: inline-block;
  margin-right: 15px;
  color: #a1a8f2;
  width: 29px;
  height: 29px;
}

.c5 {
  width: 100%;
  height: 100%;
  fill: currentColor;
}

<div
  className="c0"
  disabled={false}
>
  <div
    className="c1"
    id="donate"
  >
    <div
      className="c2"
    />
  </div>
  <button
    className="c3"
    onClick={[Function]}
  >
    <span
      className="c4"
      disabled={false}
    >
      <svg
        aria-hidden="true"
        className="c5"
        focusable="false"
        viewBox="0 0 32 32"
      >
        <path
          d="M16.508 24.6169l-2.534-5.629 9.725-9.41-7.191 15.039zm5.876-16.55l-9.773 9.458-5.341-2.954 15.114-6.504zm5.605-3.011c.003-.038.001-.073-.001-.111-.003-.083-.018-.163-.042-.244-.011-.034-.019-.068-.033-.102-.047-.108-.107-.211-.192-.3h-.001c0-.001 0-.002-.001-.002-.004-.004-.009-.005-.013-.009-.083-.084-.179-.146-.281-.194-.034-.016-.067-.025-.103-.037-.079-.027-.159-.044-.242-.051-.037-.003-.071-.007-.108-.006-.092.003-.181.02-.27.048-.025.008-.051.01-.076.02-.007.003-.014.003-.021.006l-22 9.466c-.351.151-.584.488-.604.869-.018.381.181.74.515.925l7.482 4.138 3.571 7.931c.16.355.511.585.9.589h.012c.384 0 .736-.221.902-.569l10.52-22c.003-.008.003-.016.006-.024.013-.027.016-.054.026-.082.029-.086.05-.172.054-.261z"
          fillRule="evenodd"
        />
      </svg>
    </span>
  </button>
</div>
`;
