// Jest Snapshot v1, https://goo.gl/fbAQLP

exports[`Donate tests basic tests matches the snapshot 1`] = `
.c0 {
  position: relative;
  font-family: Poppins,sans-serif;
  --donate-content-padding: 0 0 0 23px;
  --donate-send-bg: #392dd1;
  --donate-send-color: #fff;
  --donate-send-padding: 13px 0 13px 51px;
  --donate-funds-padding: 13px 0 14px 25px;
}

.c1 {
  padding: var(--donate-content-padding);
}

.c2 {
  font-size: 16px;
  font-weight: 600;
  line-height: 1.75;
  color: #fff;
  margin-bottom: 14px;
  white-space: nowrap;
  overflow: hidden;
  text-overflow: ellipsis;
  max-width: 167px;
}

.c3 {
  background: var(--donate-send-bg);
  font-size: 13px;
  font-weight: 600;
  -webkit-letter-spacing: 0.2px;
  -moz-letter-spacing: 0.2px;
  -ms-letter-spacing: 0.2px;
  letter-spacing: 0.2px;
  color: var(--donate-send-color);
  padding: var(--donate-send-padding);
  text-transform: uppercase;
  border: none;
  width: 100%;
  text-align: left;
  cursor: pointer;
}

.c4 {
  vertical-align: middle;
  display: inline-block;
  margin-right: 18px;
}

<div
  className="c0"
  disabled={false}
>
  <div
    className="c1"
    id="donate"
  >
    <div
      className="c2"
    />
  </div>
  <button
    className="c3"
    onClick={[Function]}
  >
    <span
      className="c4"
    >
      <svg
        height="21"
        width="22"
        xmlns="http://www.w3.org/2000/svg"
      >
        <path
          d="M11.248 13.348L2.84 17.23l-1.2-14.418 9.607 10.536zm8.214-3.794l-6.818 3.148-9.088-9.968 15.906 6.82zm-7.73 8.182l-1.769-2.178 1.769-.817v2.995zm-10.265.66A.73.73 0 0 0 2.506 19l6.083-2.81 3.307 4.075a.731.731 0 0 0 .814.23.733.733 0 0 0 .489-.692v-5.74l8.374-3.867a.736.736 0 0 0-.017-1.342L1.036.056 1.018.048C1.008.044.995.048.984.044A.728.728 0 0 0 .688 0C.658.003.631.01.602.015a.694.694 0 0 0-.238.09C.344.117.32.115.3.13.292.136.288.149.279.157.266.169.249.172.236.183a.717.717 0 0 0-.23.567C.008.763-.001.773 0 .787l1.467 17.61z"
          fill="#a1a8f2"
          fillRule="evenodd"
        />
      </svg>
    </span>
  </button>
</div>
`;
