// Jest Snapshot v1, https://goo.gl/fbAQLP

exports[`Donate tests basic tests matches the snapshot 1`] = `
<div
  className="sc-bdVaJa kaXnEt"
  disabled={false}
>
  <div
    className="sc-bwzfXH TFjxw"
    id="donate"
  >
    <div
      className="sc-htpNat bxJFEQ"
    />
    <div
      className="sc-iwsKbI jjELrd"
    />
  </div>
  <div
    className="sc-bxivhb HzIUw"
    data-test-id="send-tip-button"
    onClick={[Function]}
  >
    <div
      className="sc-EHOje gcNDzM"
    >
      <button
        className="sc-ifAKCX jEicJF"
      >
        <span
          className="sc-bZQynM lhtRhG"
          disabled={false}
        >
          <svg
            aria-hidden="true"
            className="sc-fYxtnH Ptgz"
            focusable="false"
            viewBox="0 0 32 32"
          >
            <path
              d="M29 4v-.07a1 1 0 0 0 0-.24.42.42 0 0 0 0-.1.84.84 0 0 0-.18-.28.84.84 0 0 0-.29-.2h-.1a1 1 0 0 0-.37-.11H28a.87.87 0 0 0-.28.05h-.07L3.6 13.66a1 1 0 0 0-.12 1.77l8.17 4.94 5.14 8.16a1 1 0 0 0 .84.47h.08a1 1 0 0 0 .84-.6l10.37-24A1 1 0 0 0 29 4zm-5.47 3L12.21 18.38l-6.05-3.67zm-6.06 18.86l-3.83-6.08L25 8.41z"
            />
          </svg>
        </span>
      </button>
    </div>
  </div>
</div>
`;
