// Jest Snapshot v1, https://goo.gl/fbAQLP

exports[`Amount tests basic tests matches the snapshot 1`] = `
.c0 {
  margin-bottom: 8px;
  -webkit-user-select: none;
  -moz-user-select: none;
  -ms-user-select: none;
  user-select: none;
  font-family: Poppins,sans-serif;
  border: none;
  background: none;
  padding: 0;
  cursor: pointer;
  display: -webkit-box;
  display: -webkit-flex;
  display: -ms-flexbox;
  display: flex;
  -webkit-align-items: center;
  -webkit-box-align: center;
  -ms-flex-align: center;
  align-items: center;
}

.c1 {
  opacity: 1;
  border-radius: 20px;
  color: #fff;
  border: 1px solid rgba(255,255,255,0.35);
  background: transparent;
  vertical-align: baseline;
  padding: 0 12px;
  min-height: 32px;
  min-width: 82px;
  font-size: 13px;
  font-weight: 600;
  margin-right: 12px;
  display: -webkit-box;
  display: -webkit-flex;
  display: -ms-flexbox;
  display: flex;
  -webkit-align-items: center;
  -webkit-box-align: center;
  -ms-flex-align: center;
  align-items: center;
  -webkit-box-pack: center;
  -webkit-justify-content: center;
  -ms-flex-pack: center;
  justify-content: center;
}

.c5 {
  font-weight: 400;
  margin-left: 5px;
}

.c4 {
  font-weight: 400;
}

.c2 {
  margin-right: 6px;
  width: 23px;
}

.c6 {
  vertical-align: baseline;
  opacity: 0.4;
  font-size: 10px;
  color: #ffffff;
  font-weight: 500;
}

.c3 {
  width: 100%;
  height: 100%;
  fill: currentColor;
}

<button
  className="c0"
  id="amount"
  onClick={[Function]}
>
  <div
    className="c1"
    type="small"
  >
    <div
      className="c2"
    >
      <svg
        aria-hidden="true"
        className="c3"
        focusable="false"
        viewBox="0 0 32 32"
      >
        <g
          fill="none"
          fillRule="evenodd"
        >
          <path
            d="M2.05 27.5l8.2-4.87 5.65-10V3c-.15 0-.3.1-.42.3L8.8 15.14 2.1 26.98c-.1.2-.12.38-.04.51"
            fill="#FF4724"
          />
          <path
            d="M15.9 3v9.64l5.65 10 8.2 4.85c.07-.13.06-.3-.06-.5L23 15.13 16.3 3.3c-.1-.2-.25-.3-.4-.3"
            fill="#9E1F63"
          />
          <path
            d="M29.74 27.5l-8.2-4.87h-11.3l-8.2 4.86c.08.14.24.22.47.22h26.78c.22 0 .38-.08.45-.22"
            fill="#662D91"
          />
          <path
            d="M10.24 22.63h11.31l-5.65-9.99z"
            fill="#FFF"
          />
        </g>
      </svg>
    </div>
    <span
      className="c4"
    >
      1
    </span>
     
    <div
      className="c5"
    />
  </div>
  <div
    className="c6"
    type="small"
  >
    MISSING: about
     
    0.4
     
    USD
  </div>
</button>
`;
