// Jest Snapshot v1, https://goo.gl/fbAQLP

exports[`WalletSummarySlider tests basic tests matches the snapshot 1`] = `
.c0 {
  display: block;
  width: 100%;
  position: relative;
}

.c1 {
  height: 100%;
  opacity: 1;
  overflow: unset;
  -webkit-transition: visibility 0.5s,opacity 0.5s linear;
  transition: visibility 0.5s,opacity 0.5s linear;
}

.c9 {
  height: 0;
  opacity: 0;
  overflow: hidden;
  -webkit-transition: visibility 0.5s,opacity 0.5s linear;
  transition: visibility 0.5s,opacity 0.5s linear;
}

.c2 {
  width: 100%;
  display: block;
  padding: 20px 30px;
  top: unset;
  position: static;
  background: #E9EBFF;
}

.c10 {
  width: 100%;
  display: block;
  padding: 20px;
  top: 12px;
  position: absolute;
  background: inherit;
}

.c5 {
  color: #A1A8F2;
  font-size: 14px;
  font-weight: 600;
  text-transform: uppercase;
  -webkit-letter-spacing: 0.35px;
  -moz-letter-spacing: 0.35px;
  -ms-letter-spacing: 0.35px;
  letter-spacing: 0.35px;
  line-height: 22px;
}

.c7 {
  width: 25px;
  height: 25px;
  display: block;
  margin-left: 13px;
  margin-top: -2px;
  color: #696FDC;
}

.c11 {
  width: 25px;
  height: 25px;
  display: block;
  margin-left: 13px;
  margin-top: -23px;
  color: #696FDC;
}

.c12 {
  width: 100%;
  height: 100%;
  fill: currentColor;
}

.c8 {
  width: 100%;
  height: 100%;
  fill: currentColor;
  -webkit-transform: rotate(180deg);
  -ms-transform: rotate(180deg);
  transform: rotate(180deg);
}

.c3 {
  box-sizing: border-box;
  display: grid;
  grid-template-columns: repeat(6,1fr);
  grid-gap: 15px;
  padding: 0;
  margin: 0;
  max-width: initial;
  height: initial;
  color: inherit;
  background-color: inherit;
  font-family: inherit;
  font-size: inherit;
  -webkit-align-items: flex-start;
  -webkit-box-align: flex-start;
  -ms-flex-align: flex-start;
  align-items: flex-start;
}

.c4 {
  box-sizing: border-box;
  position: relative;
  display: -webkit-box;
  display: -webkit-flex;
  display: -ms-flexbox;
  display: flex;
  grid-column: span 5;
  -webkit-box-pack: initial;
  -webkit-justify-content: initial;
  -ms-flex-pack: initial;
  justify-content: initial;
  -webkit-align-items: initial;
  -webkit-box-align: initial;
  -ms-flex-align: initial;
  align-items: initial;
  background-color: inherit;
  -webkit-flex-direction: initial;
  -ms-flex-direction: initial;
  flex-direction: initial;
  -webkit-flex-wrap: initial;
  -ms-flex-wrap: initial;
  flex-wrap: initial;
  font-family: inherit;
  font-size: inherit;
  color: inherit;
}

.c6 {
  box-sizing: border-box;
  position: relative;
  display: -webkit-box;
  display: -webkit-flex;
  display: -ms-flexbox;
  display: flex;
  grid-column: span 1;
  -webkit-box-pack: initial;
  -webkit-justify-content: initial;
  -ms-flex-pack: initial;
  justify-content: initial;
  -webkit-align-items: initial;
  -webkit-box-align: initial;
  -ms-flex-align: initial;
  align-items: initial;
  background-color: inherit;
  -webkit-flex-direction: initial;
  -ms-flex-direction: initial;
  flex-direction: initial;
  -webkit-flex-wrap: initial;
  -ms-flex-wrap: initial;
  flex-wrap: initial;
  font-family: inherit;
  font-size: inherit;
  color: inherit;
}

<div
  className="c0"
  id="wallet-slider"
>
  <div
    className="c1"
  >
    <div
      className="c0"
    >
      <div
        className="c2"
        onClick={[Function]}
      >
        <div
          className="c3"
          disabled={false}
        >
          <div
            className="c4"
            size={5}
          >
            <span
              className="c5"
            >
              MISSING: rewardsSummary
            </span>
          </div>
          <div
            className="c6"
            size={1}
          >
            <span
              className="c7"
            >
              <svg
                aria-hidden="true"
                className="c8"
                focusable="false"
                viewBox="0 0 32 32"
              >
                <path
                  d="M16 17.68292l6.3492-5.44218c.41933-.35942 1.05063-.31086 1.41006.10847.35942.41932.31086 1.05062-.10847 1.41005l-7 6c-.37449.32099-.9271.32099-1.30158 0l-7-6c-.41933-.35943-.46789-.99073-.10847-1.41005.35943-.41933.99073-.46789 1.41005-.10847L16 17.68292z"
                />
              </svg>
            </span>
          </div>
        </div>
      </div>
    </div>
  </div>
  <div
    className="c9"
  >
    <div
      className="c0"
    >
      <div
        className="c10"
        onClick={[Function]}
      >
        <div
          className="c3"
          disabled={false}
        >
          <div
            className="c4"
            size={5}
          />
          <div
            className="c6"
            size={1}
          >
            <span
              className="c11"
            >
              <svg
                aria-hidden="true"
                className="c12"
                focusable="false"
                viewBox="0 0 32 32"
              >
                <path
                  d="M16 17.68292l6.3492-5.44218c.41933-.35942 1.05063-.31086 1.41006.10847.35942.41932.31086 1.05062-.10847 1.41005l-7 6c-.37449.32099-.9271.32099-1.30158 0l-7-6c-.41933-.35943-.46789-.99073-.10847-1.41005.35943-.41933.99073-.46789 1.41005-.10847L16 17.68292z"
                />
              </svg>
            </span>
          </div>
        </div>
      </div>
    </div>
  </div>
</div>
`;
