// Jest Snapshot v1, https://goo.gl/fbAQLP

exports[`Grant error tests basic tests matches the snapshot 1`] = `
<div
  className="sc-bZQynM cUbCpP"
  id="error"
>
  <div
    className="sc-gzVnrw dRfhpB"
  />
  <div
    className="sc-htoDjs jLDCBf"
  >
    <button
      className="sc-bwzfXH kdRIEH sc-bdVaJa jNEFhh"
      size="call-to-action"
      type="accent"
    />
  </div>
</div>
`;
