// Jest Snapshot v1, https://goo.gl/fbAQLP

exports[`Box tests basic tests matches the snapshot 1`] = `
.c2 {
  max-width: 100%;
  width: 100%;
  min-height: auto;
  margin: 0;
  padding: 30px 36px;
  background-color: #fff;
  border-radius: 6px;
  box-shadow: 0 0 8px 0 rgba(99,105,110,0.12);
  font-size: inherit;
  box-sizing: border-box;
  position: relative;
}

.c0 {
  display: block;
  width: 100%;
  margin-bottom: 28px;
}

.c1 {
  font-family: Poppins,sans-serif;
  border-bottom-left-radius: 6px;
  border-bottom-right-radius: 6px;
}

.c3 {
  display: block;
}

.c4 {
  -webkit-flex-wrap: wrap;
  -ms-flex-wrap: wrap;
  flex-wrap: wrap;
  display: -webkit-box;
  display: -webkit-flex;
  display: -ms-flexbox;
  display: flex;
}

.c5 {
  -webkit-box-flex: 1;
  -webkit-flex-grow: 1;
  -ms-flex-positive: 1;
  flex-grow: 1;
  -webkit-flex-shrink: 1;
  -ms-flex-negative: 1;
  flex-shrink: 1;
  -webkit-flex-basis: 50%;
  -ms-flex-preferred-size: 50%;
  flex-basis: 50%;
}

.c7 {
  -webkit-flex-basis: 40px;
  -ms-flex-preferred-size: 40px;
  flex-basis: 40px;
  -webkit-box-pack: end;
  -webkit-justify-content: flex-end;
  -ms-flex-pack: end;
  justify-content: flex-end;
  display: -webkit-box;
  display: -webkit-flex;
  display: -ms-flexbox;
  display: flex;
  max-height: 30px;
}

.c6 {
  height: 36px;
  font-size: 22px;
  font-weight: 600;
  line-height: 1.27;
  -webkit-letter-spacing: normal;
  -moz-letter-spacing: normal;
  -ms-letter-spacing: normal;
  letter-spacing: normal;
  color: #4b4c5c;
}

.c8 {
  width: 100%;
  display: block;
}

.c9 {
  width: 100%;
  padding-right: 20px;
  font-family: Muli,sans-serif;
  font-size: 14px;
  line-height: 1.29;
  -webkit-letter-spacing: normal;
  -moz-letter-spacing: normal;
  -ms-letter-spacing: normal;
  letter-spacing: normal;
  color: #838391;
}

.c15 {
  width: 27px;
  border: none;
  background: none;
  padding: 0;
  cursor: pointer;
  color: #A1A8F2;
}

.c10 {
  -webkit-flex-basis: 100%;
  -ms-flex-preferred-size: 100%;
  flex-basis: 100%;
  -webkit-box-flex: 1;
  -webkit-flex-grow: 1;
  -ms-flex-positive: 1;
  flex-grow: 1;
  margin-top: 25px;
}

.c11 {
  background: #fff;
  display: none;
}

.c12 {
  display: none;
  position: absolute;
  right: 29px;
  top: 29px;
  width: 21px;
  height: 21px;
  border: none;
  background: none;
  padding: 0;
  cursor: pointer;
  color: #DFDFE8;
}

.c14 {
  margin-bottom: 15px;
  display: -webkit-box;
  display: -webkit-flex;
  display: -ms-flexbox;
  display: flex;
  -webkit-align-items: center;
  -webkit-box-align: center;
  -ms-flex-align: center;
  align-items: center;
  -webkit-box-pack: center;
  -webkit-justify-content: center;
  -ms-flex-pack: center;
  justify-content: center;
}

.c17 {
  font-size: 16px;
  font-weight: 600;
  line-height: 1.75;
  color: #4b4c5c;
  margin-left: 20px;
}

.c13 {
  width: 100%;
  height: 100%;
  fill: currentColor;
}

.c16 {
  width: 100%;
  height: 100%;
  fill: currentColor;
}

<div
  className="c0"
>
  <div
    className="c1 c2"
    data-test-id="box"
  >
    <div
      className="c3"
    >
      <div
        className="c4"
        open={true}
      >
        <div
          className="c5"
        >
          <div
            className="c6"
          >
            test
          </div>
        </div>
        <div
          className="c7"
        />
        <div
          className="c8"
        />
        <div
          className="c5"
        >
          <div
            className="c9"
          />
        </div>
        <div
          className="c7"
        />
        <div
          className="c10"
        />
      </div>
      <div
        className="c11"
        open={false}
      >
        <button
          className="c12"
          onClick={[Function]}
          open={false}
        >
          <svg
            aria-hidden="true"
            className="c13"
            focusable="false"
            viewBox="0 0 32 32"
          >
            <path
              d="M28.71 27.29L17.41 16l11.3-11.29a1 1 0 1 0-1.42-1.42L16 14.59 4.71 3.29a1 1 0 0 0-1.42 1.42L14.59 16 3.29 27.29a1 1 0 0 0 0 1.42 1 1 0 0 0 1.42 0L16 17.41l11.29 11.3a1 1 0 0 0 1.42 0 1 1 0 0 0 0-1.42z"
            />
          </svg>
        </button>
        <div
          className="c14"
        >
          <button
            className="c15"
          >
            <svg
              aria-hidden="true"
              className="c16"
              focusable="false"
              viewBox="0 0 32 32"
            >
              <path
                d="M4 8h5.18a3 3 0 0 0 5.64 0H28a1 1 0 0 0 0-2H14.82a3 3 0 0 0-5.64 0H4a1 1 0 0 0 0 2zm8-2a1 1 0 1 1-1 1 1 1 0 0 1 1-1zM28 15h-3.18a3 3 0 0 0-5.64 0H4a1 1 0 0 0 0 2h15.18a3 3 0 0 0 5.64 0H28a1 1 0 0 0 0-2zm-6 2a1 1 0 1 1 1-1 1 1 0 0 1-1 1zM28 24H14.82a3 3 0 0 0-5.64 0H4a1 1 0 0 0 0 2h5.18a3 3 0 0 0 5.64 0H28a1 1 0 0 0 0-2zm-16 2a1 1 0 1 1 1-1 1 1 0 0 1-1 1z"
              />
            </svg>
          </button>
          <div
            className="c17"
          >
            test MISSING: settings
          </div>
        </div>
      </div>
    </div>
  </div>
</div>
`;
