// Jest Snapshot v1, https://goo.gl/fbAQLP

exports[`WalletInfoHeader tests basic tests matches the snapshot 1`] = `
<div
  className="sc-bdVaJa zWoVQ"
  id="info-header"
>
  <div
    className="sc-bwzfXH hBTYLI"
  >
    <div
      className="sc-htpNat bBRxKD"
    >
      MISSING: yourWallet
    </div>
    <div
      className="sc-bxivhb ckuRhM"
    >
      <div
        className="sc-ifAKCX bLanuE"
      >
         
        <span
          className="sc-bZQynM kWKKJe"
        >
          MISSING: bat
        </span>
      </div>
    </div>
  </div>
</div>
`;
