// Jest Snapshot v1, https://goo.gl/fbAQLP

exports[`NextContribution tests basic tests matches the snapshot 1`] = `
.c0 {
  font-size: 14px;
  text-align: right;
  border-radius: 6px;
  color: #4b4c5c;
  background: #e9f0ff;
  display: inline-block;
  padding: 9px 10px 9px 13px;
}

<div
  className="c0"
  id="next"
/>
`;
