// Jest Snapshot v1, https://goo.gl/fbAQLP

exports[`TableContribute tests basic tests matches the snapshot 1`] = `
.c0 {
  text-align: center;
  padding: 30px 0;
  color: #999ea2;
  font-size: 14px;
}

<div
  className=""
  id="table"
>
  <div
    className=""
    id={undefined}
  >
    <div
      className="c0"
    />
  </div>
</div>
`;
