// Jest Snapshot v1, https://goo.gl/fbAQLP

exports[`Disabled Content tests basic tests matches the snapshot 1`] = `
<div
  id="disabled"
>
  <div
    className="sc-bwzfXH btJTAF"
  >
    <div
      className="sc-htpNat cshJrJ"
    />
    <div
      className="sc-bdVaJa gKpEfr"
    />
  </div>
</div>
`;
