// Jest Snapshot v1, https://goo.gl/fbAQLP

exports[`Grant complete tests basic tests matches the snapshot 1`] = `
<div
  className="sc-bdVaJa cXoLzB"
  id="complete"
>
  <div
    className="sc-bwzfXH dbwHEd"
  >
    <div
      className="sc-htpNat jCBkHh"
    />
    <div
      className="sc-bxivhb cfpiyH"
    >
       BAT
    </div>
  </div>
  <div
    className="sc-EHOje bNxnrX"
  >
    <button
      className="sc-gzVnrw jAYlHV sc-bZQynM biSoIb"
      id="grant-completed-ok"
      size="call-to-action"
      type="accent"
    >
      <div
        className="sc-iwsKbI ecQhrr"
        size="call-to-action"
        type="accent"
      >
        MISSING: ok
      </div>
    </button>
  </div>
</div>
`;
