// Jest Snapshot v1, https://goo.gl/fbAQLP

exports[`DisabledBox tests basic tests matches the snapshot 1`] = `
<div
  className="sc-htpNat kYtFoj"
>
  <div
    className="sc-bxivhb dzitEo sc-bdVaJa ckHBAc"
  >
    <div
      className="sc-bxivhb dzitEo sc-bwzfXH JXQVG"
    >
      <span
        className="sc-ifAKCX kAJeqS"
      >
        MISSING: whyBraveRewards
      </span>
      <p
        className="sc-EHOje bTkuBk"
      >
        MISSING: rewardsOffText5
      </p>
      <span
        className="sc-ifAKCX kAJeqS"
      >
        MISSING: rewardsOffText3
      </span>
      <p
        className="sc-EHOje bTkuBk"
      >
        MISSING: rewardsOffText4
      </p>
    </div>
  </div>
</div>
`;
