// Jest Snapshot v1, https://goo.gl/fbAQLP

exports[`TableContribute tests basic tests matches the snapshot 1`] = `
<div
  id="table"
>
  <div>
    <table
      className="sc-ifAKCX kBPdCV"
    >
      <thead>
        <tr>
          <th
            className="sc-EHOje jXWUPS"
          >
            MISSING: date
          </th>
          <th
            className="sc-EHOje jXWUPS"
          >
            MISSING: type
          </th>
          <th
            className="sc-EHOje jXWUPS"
          >
            MISSING: description
          </th>
          <th
            className="sc-EHOje jXWUPS"
          >
            <div
              className="sc-bdVaJa gttsMF"
            >
              MISSING: amount
            </div>
          </th>
        </tr>
      </thead>
    </table>
    <div
      className="sc-bxivhb iqKUsl"
    />
  </div>
</div>
`;
