// Jest Snapshot v1, https://goo.gl/fbAQLP

exports[`mangled files should have up to date snapshots ./chromium_src/chrome/browser/resources/app_settings/window_mode_item.html.ts.lit_mangler.ts should match snapshot 1`] = `
"===================================================================
--- ../chrome/browser/resources/app_settings/window_mode_item.html.ts
+++ gen/chrome/browser/resources/app_settings/preprocessed/window_mode_item.html.ts
@@ -3,11 +3,16 @@
 import type {WindowModeItemElement} from './window_mode_item.js';
 
 export function getHtml(this: WindowModeItemElement) {
   return html\`<!--_html_template_start_-->
-<app-management-toggle-row
-    id=\\"toggle-row\\"
-    label=\\"\${this.windowModeLabel}\\"
-    ?value=\\"\${this.getValue_()}\\">
-</app-management-toggle-row>
+<div ?hidden=\\"\${this.app.hideWindowMode}\\">
+    <div class=\\"permission-section-header\\">
+      <div class=\\"header-text\\">$i18n{appManagementOpenModeLabel}</div>
+    </div>
+    <div class=\\"permission-list indented-permission-block\\">
+      \${this.windowModes.map(mode => html\`<leo-radiobutton class=\\"subpermission-row\\" name=\\"window-mode\\" @change=\\"\${this.onChange}\\" value=\\"\${mode.value}\\" currentvalue=\\"\${this.app.windowMode}\\">
+        \${mode.label}
+      </leo-radiobutton>\`)}
+    </div>
+  </div>
 <!--_html_template_end_-->\`;
 }
"
`;

exports[`mangled files should have up to date snapshots ./chromium_src/chrome/browser/resources/extensions/detail_view.html.ts.lit_mangler.ts should match snapshot 1`] = `
"===================================================================
--- ../chrome/browser/resources/extensions/detail_view.html.ts
+++ gen/chrome/browser/resources/extensions/preprocessed/detail_view.html.ts
@@ -351,16 +351,13 @@
               @change=\\"\${this.onPinnedToToolbarChange_}\\">
             <span>$i18n{itemPinToToolbar}</span>
           </extensions-toggle-row>\` : ''}
         \${this.shouldShowIncognitoOption_() ? html\`
-          <extensions-toggle-row id=\\"allow-incognito\\"
-              ?checked=\\"\${this.data.incognitoAccess.isActive}\\" class=\\"hr\\"
-              @change=\\"\${this.onAllowIncognitoChange_}\\">
+          <extensions-toggle-row id=\\"allow-incognito\\" ?checked=\\"\${this.data.incognitoAccess.isActive}\\" class=\\"hr\\" @change=\\"\${this.onAllowIncognitoChange_}\\">
             <div>
               <div>$i18n{itemAllowIncognito}</div>
-              <div class=\\"section-content\\">$i18n{incognitoInfoWarning}</div>
-              <div class=\\"section-content\\" id=\\"allow-incognito-warning\\"
-                  ?hidden=\\"\${!this.data.incognitoAccessPendingChange}\\">
+              <div class=\\"section-content\\">$i18n{privateInfoWarning}<span ?hidden=\\"\${!this.data.incognitoAccess.isActive}\\"> $i18n{spanningInfoWarning}</span><span> $i18n{privateAndTorInfoWarning}</span></div>
+              <div class=\\"section-content\\" id=\\"allow-incognito-warning\\" ?hidden=\\"\${!this.data.incognitoAccessPendingChange}\\">
                 $i18n{pendingChangeWarning}
               </div>
             </div>
           </extensions-toggle-row>\` : ''}
"
`;

exports[`mangled files should have up to date snapshots ./chromium_src/components/webui/chrome_urls/resources/app.html.ts.lit_mangler.ts should match snapshot 1`] = `
"===================================================================
--- ../components/webui/chrome_urls/resources/app.html.ts
+++ gen/components/webui/chrome_urls/resources/preprocessed/app.html.ts
@@ -4,16 +4,16 @@
 
 export function getHtml(this: ChromeUrlsAppElement) {
   // clang-format off
   return html\`
-<h2>List of Chrome URLs</h2>
+<h2>List of Brave URLs</h2>
 <ul>
   \${this.webuiUrlInfos_.map(info => html\`
     \${this.isChromeUrlsUrl_(info) ?
-      html\`<li><a href=\\"#\\">chrome://chrome-urls</a></li>\` :
+      html\`<li><a href=\\"#\\">brave://chrome-urls</a></li>\` :
       html\`\${info.enabled ?
-        html\`<li><a href=\\"\${info.url.url}\\">\${info.url.url}</a></li>\` :
-        html\`<li>\${info.url.url}</li>\`
+        html\`<li><a href=\\"\${info.url.url}\\">\${info.url.url.replace(/chrome:/, \\"brave:\\")}</a></li>\` :
+        html\`<li>\${info.url.url.replace(/chrome:/, \\"brave:\\")}</li>\`
       }\`
     }\`)}
 </ul>
 \${this.internalUrlInfos_.length ? html\`
@@ -28,10 +28,10 @@
   </cr-button>
   <ul>
     \${this.internalUrlInfos_.map(info => html\`
       \${this.isInternalUiEnabled_(info) ?
-        html\`<li><a href=\\"\${info.url.url}\\">\${info.url.url}</a></li>\` :
-        html\`<li>\${info.url.url}</li>\`
+        html\`<li><a href=\\"\${info.url.url}\\">\${info.url.url.replace(/chrome:/, \\"brave:\\")}</a></li>\` :
+        html\`<li>\${info.url.url.replace(/chrome:/, \\"brave:\\")}</li>\`
       }\`)}
   </ul>\` : ''}
 \${this.commandUrls_.length ? html\`
   <h2>Command URLs for Debug</h2>
@@ -40,7 +40,7 @@
     hang the renderer, they're not linked directly; you can type them into the
     address bar if you need them.
   </p>
   <ul>
-    \${this.commandUrls_.map(url => html\`<li>\${url.url}</li>\`)}
+    \${this.commandUrls_.map(url => html\`<li>\${url.url.replace(/chrome:/, \\"brave:\\")}</li>\`)}
   </ul>\` : ''}\`;
 }
"
`;
