// Jest Snapshot v1, https://goo.gl/fbAQLP

exports[`mangled files should have up to date snapshots ./chromium_src/chrome/browser/resources/app_home/app_home_empty_page.html.ts.lit_mangler.ts should match snapshot 1`] = `
"===================================================================
--- ../chrome/browser/resources/app_home/app_home_empty_page.html.ts
+++ gen/chrome/browser/resources/app_home/preprocessed/app_home_empty_page.html.ts
@@ -6,10 +6,9 @@
   return html\`<!--_html_template_start_-->
 <div class=\\"container\\">
   <img src=\\"chrome://resources/images/apps_home_empty_238x170.svg\\">
     <p>$i18n{appAppearanceLabel}</p>
-    <a href=\\"https://support.google.com/chrome?p=install_web_apps\\"
-        target=\\"_blank\\">
+    <a href=\\"https://support.brave.app/hc/en-us/articles/39077114659597\\" target=\\"_blank\\">
       <cr-button>$i18n{learnToInstall}</cr-button>
     </a>
 </div>
 <!--_html_template_end_-->\`;
"
`;

exports[`mangled files should have up to date snapshots ./chromium_src/chrome/browser/resources/app_settings/window_mode_item.html.ts.lit_mangler.ts should match snapshot 1`] = `
"===================================================================
--- ../chrome/browser/resources/app_settings/window_mode_item.html.ts
+++ gen/chrome/browser/resources/app_settings/preprocessed/window_mode_item.html.ts
@@ -3,11 +3,16 @@
 import type {WindowModeItemElement} from './window_mode_item.js';
 
 export function getHtml(this: WindowModeItemElement) {
   return html\`<!--_html_template_start_-->
-<app-management-toggle-row
-    id=\\"toggle-row\\"
-    label=\\"\${this.windowModeLabel}\\"
-    ?value=\\"\${this.getValue_()}\\">
-</app-management-toggle-row>
+<div ?hidden=\\"\${this.app.hideWindowMode}\\">
+    <div class=\\"permission-section-header\\">
+      <div class=\\"header-text\\">$i18n{appManagementOpenModeLabel}</div>
+    </div>
+    <div class=\\"permission-list indented-permission-block\\">
+      \${this.windowModes.map(mode => html\`<leo-radiobutton class=\\"subpermission-row\\" name=\\"window-mode\\" @change=\\"\${this.onChange}\\" value=\\"\${mode.value}\\" currentvalue=\\"\${this.app.windowMode}\\">
+        \${mode.label}
+      </leo-radiobutton>\`)}
+    </div>
+  </div>
 <!--_html_template_end_-->\`;
 }
"
`;

exports[`mangled files should have up to date snapshots ./chromium_src/chrome/browser/resources/extensions/detail_view.html.ts.lit_mangler.ts should match snapshot 1`] = `
"===================================================================
--- ../chrome/browser/resources/extensions/detail_view.html.ts
+++ gen/chrome/browser/resources/extensions/preprocessed/detail_view.html.ts
@@ -351,16 +351,13 @@
               @change=\\"\${this.onPinnedToToolbarChange_}\\">
             <span>$i18n{itemPinToToolbar}</span>
           </extensions-toggle-row>\` : ''}
         \${this.shouldShowIncognitoOption_() ? html\`
-          <extensions-toggle-row id=\\"allow-incognito\\"
-              ?checked=\\"\${this.data.incognitoAccess.isActive}\\" class=\\"hr\\"
-              @change=\\"\${this.onAllowIncognitoChange_}\\">
+          <extensions-toggle-row id=\\"allow-incognito\\" ?checked=\\"\${this.data.incognitoAccess.isActive}\\" class=\\"hr\\" @change=\\"\${this.onAllowIncognitoChange_}\\">
             <div>
               <div>$i18n{itemAllowIncognito}</div>
-              <div class=\\"section-content\\">$i18n{incognitoInfoWarning}</div>
-              <div class=\\"section-content\\" id=\\"allow-incognito-warning\\"
-                  ?hidden=\\"\${!this.data.incognitoAccessPendingChange}\\">
+              <div class=\\"section-content\\">$i18n{privateInfoWarning}<span ?hidden=\\"\${!this.data.incognitoAccess.isActive}\\"> $i18n{spanningInfoWarning}</span><span> $i18n{privateAndTorInfoWarning}</span></div>
+              <div class=\\"section-content\\" id=\\"allow-incognito-warning\\" ?hidden=\\"\${!this.data.incognitoAccessPendingChange}\\">
                 $i18n{pendingChangeWarning}
               </div>
             </div>
           </extensions-toggle-row>\` : ''}
"
`;

exports[`mangled files should have up to date snapshots ./chromium_src/chrome/browser/resources/extensions/item.html.ts.lit_mangler.ts should match snapshot 1`] = `
"===================================================================
--- ../chrome/browser/resources/extensions/item.html.ts
+++ gen/chrome/browser/resources/extensions/preprocessed/item.html.ts
@@ -13,10 +13,9 @@
 </div>
 <div id=\\"card\\" class=\\"\${this.computeClasses_()}\\">
   <div id=\\"main\\">
     <div id=\\"icon-wrapper\\">
-      <img id=\\"icon\\" src=\\"\${this.data.iconUrl}\\"
-          aria-describedby=\\"a11yAssociation\\" alt=\\"\\">
+      <img id=\\"icon\\" src=\\"\${this.data.iconUrl}\\" aria-describedby=\\"a11yAssociation\\" alt=\\"\\">
       \${this.computeSourceIndicatorIcon_() ? html\`
         <div id=\\"source-indicator\\">
           <div class=\\"source-icon-wrapper\\" role=\\"img\\"
               aria-describedby=\\"a11yAssociation\\"
@@ -38,20 +37,19 @@
       <!--Note: We wrap inspect-views in a div so that the outer div
           doesn't shrink (because it's not display: flex).-->
       <div>
         <div id=\\"name-and-version\\" class=\\"layout-horizontal-center\\">
-          <div id=\\"name\\" role=\\"heading\\" aria-level=\\"3\\"
-              class=\\"clippable-flex-text\\">
+          <div id=\\"name\\" role=\\"heading\\" aria-level=\\"3\\" class=\\"clippable-flex-text\\">
             \${this.data.name}
           </div>
-          <span id=\\"version\\" class=\\"cr-secondary-text\\"
-              ?hidden=\\"\${!this.inDevMode}\\">
+          <span id=\\"version\\" class=\\"cr-secondary-text\\" ?hidden=\\"\${!this.inDevMode}\\">
             \${this.data.version}
           </span>
-        </div>
+        </div><div ?hidden=\\"\${!this.isBraveHosted_(this.data.id)}\\" class=\\"brave-hosted\\">
+          $i18n{braveHosted}
+       </div>
       </div>
-      <div id=\\"description\\" class=\\"cr-secondary-text multiline-clippable-text\\"
-          ?hidden=\\"\${!this.showDescription_()}\\">
+      <div id=\\"description\\" class=\\"cr-secondary-text multiline-clippable-text\\" ?hidden=\\"\${!this.showDescription_()}\\">
         \${this.data.description}
       </div>
       \${this.showSevereWarnings() ? html\`
         <div id=\\"warnings\\">
@@ -132,15 +130,12 @@
     </div>
   </div>
   <div id=\\"button-strip\\" class=\\"layout-horizontal-center cr-secondary-text\\">
     <div class=\\"layout-horizontal-center flex\\">
-      <cr-button id=\\"detailsButton\\" @click=\\"\${this.onDetailsClick_}\\"
-          aria-describedby=\\"a11yAssociation\\">
+      <cr-button id=\\"detailsButton\\" @click=\\"\${this.onDetailsClick_}\\" aria-describedby=\\"a11yAssociation\\">
         $i18n{itemDetails}
       </cr-button>
-      <cr-button id=\\"removeButton\\" @click=\\"\${this.onRemoveClick_}\\"
-          aria-describedby=\\"a11yAssociation\\"
-          ?hidden=\\"\${this.data.mustRemainInstalled}\\">
+      <cr-button id=\\"removeButton\\" @click=\\"\${this.onRemoveClick_}\\" aria-describedby=\\"a11yAssociation\\" ?hidden=\\"\${this.data.mustRemainInstalled}\\">
         $i18n{remove}
       </cr-button>
       \${this.shouldShowErrorsButton_() ? html\`
         <cr-button id=\\"errors-button\\"
@@ -172,25 +167,14 @@
       <cr-button id=\\"terminated-reload-button\\" @click=\\"\${this.onReloadClick_}\\"
           aria-describedby=\\"a11yAssociation\\" class=\\"action-button\\">
         $i18n{itemReload}
       </cr-button>\` : ''}
-    <cr-tooltip-icon id=\\"parentDisabledPermissionsToolTip\\"
-        ?hidden=\\"\${!this.data.disableReasons.parentDisabledPermissions}\\"
-        tooltip-text=\\"$i18n{parentDisabledPermissions}\\"
-        icon-class=\\"cr20:kite\\"
-        icon-aria-label=\\"$i18n{parentDisabledPermissions}\\">
+    <cr-tooltip-icon id=\\"parentDisabledPermissionsToolTip\\" ?hidden=\\"\${!this.data.disableReasons.parentDisabledPermissions}\\" tooltip-text=\\"$i18n{parentDisabledPermissions}\\" icon-class=\\"cr20:kite\\" icon-aria-label=\\"$i18n{parentDisabledPermissions}\\">
     </cr-tooltip-icon>
-    <cr-tooltip id=\\"enable-toggle-tooltip\\" for=\\"enableToggle\\"
-        position=\\"\${this.enableToggleTooltipPosition_}\\"
-        aria-hidden=\\"true\\" animation-delay=\\"0\\" fit-to-visible-bounds>
+    <cr-tooltip id=\\"enable-toggle-tooltip\\" for=\\"enableToggle\\" position=\\"\${this.enableToggleTooltipPosition_}\\" aria-hidden=\\"true\\" animation-delay=\\"0\\" fit-to-visible-bounds=\\"\\">
       \${this.getEnableToggleTooltipText_()}
     </cr-tooltip>
-    <cr-toggle id=\\"enableToggle\\"
-        aria-label=\\"\${this.getEnableToggleAriaLabel_()}\\"
-        aria-describedby=\\"a11yAssociation enable-toggle-tooltip\\"
-        ?checked=\\"\${this.isEnabled_()}\\" @change=\\"\${this.onEnableToggleChange_}\\"
-        ?disabled=\\"\${!this.isEnableToggleEnabled_()}\\"
-        ?hidden=\\"\${!this.showEnableToggle_()}\\">
+    <cr-toggle id=\\"enableToggle\\" aria-label=\\"\${this.getEnableToggleAriaLabel_()}\\" aria-describedby=\\"a11yAssociation enable-toggle-tooltip\\" ?checked=\\"\${this.isEnabled_()}\\" @change=\\"\${this.onEnableToggleChange_}\\" ?disabled=\\"\${!this.isEnableToggleEnabled_()}\\" ?hidden=\\"\${!this.showEnableToggle_()}\\">
     </cr-toggle>
   </div>
 </div>
 <!--_html_template_end_-->\`;
"
`;

exports[`mangled files should have up to date snapshots ./chromium_src/chrome/browser/resources/side_panel/customize_chrome/app.html.ts.lit_mangler.ts should match snapshot 1`] = `
"===================================================================
--- ../chrome/browser/resources/side_panel/customize_chrome/app.html.ts
+++ gen/chrome/browser/resources/side_panel/customize_chrome/preprocessed/app.html.ts
@@ -4,31 +4,25 @@
 
 export function getHtml(this: AppElement) {
   // clang-format off
   return html\`<!--_html_template_start_-->
-<cr-page-selector id=\\"container\\"
-    class=\\"sp-scroller sp-scroller-top-of-page sp-scroller-bottom-of-page\\"
-    selected=\\"\${this.page_}\\" attr-for-selected=\\"page-name\\">
+<cr-page-selector id=\\"container\\" class=\\"sp-scroller sp-scroller-top-of-page sp-scroller-bottom-of-page\\" selected=\\"\${this.page_}\\" attr-for-selected=\\"page-name\\">
   <div page-name=\\"overview\\" id=\\"overviewPage\\">
     <div id=\\"appearance\\" class=\\"section sp-card\\">
-      <sp-heading hide-back-button>
-        <h2 slot=\\"heading\\">$i18n{appearanceHeader}</h2>
+      <sp-heading hide-back-button=\\"\\">
+      <close-panel-button id=\\"closeButton\\" iron-icon=\\"close\\" slot=\\"buttons\\"></close-panel-button>
+        <h2 slot=\\"heading\\"><leo-icon name=\\"themes\\"></leo-icon>$i18n{appearanceHeader}</h2>
       </sp-heading>
-      <customize-chrome-appearance @edit-theme-click=\\"\${this.onEditThemeClick_}\\"
-          @wallpaper-search-click=\\"\${this.onWallpaperSearchSelect_}\\"
-          id=\\"appearanceElement\\">
+      <customize-chrome-appearance @edit-theme-click=\\"\${this.onEditThemeClick_}\\" @wallpaper-search-click=\\"\${this.onWallpaperSearchSelect_}\\" id=\\"appearanceElement\\">
       </customize-chrome-appearance>
-    </div>
+    
+      <brave-darker-theme-toggle></brave-darker-theme-toggle></div>
     <hr class=\\"sp-cards-separator\\">
-    <cr-button id=\\"toolbarButton\\" class=\\"section sp-card\\"
-        @click=\\"\${this.onToolbarCustomizationButtonClick_}\\">
-      <sp-heading hide-back-button id=\\"toolbar-customization-heading\\">
-        <h2 slot=\\"heading\\" id=\\"toolbar-customization-inner-heading\\"
-            aria-label=\\"$i18n{toolbarButtonA11yLabel}\\">
-          $i18n{toolbarHeader}
-        </h2>
+    <cr-button id=\\"toolbarButton\\" class=\\"section sp-card\\" @click=\\"\${this.onToolbarCustomizationButtonClick_}\\">
+      <sp-heading hide-back-button=\\"\\" id=\\"toolbar-customization-heading\\">
+        <h2 slot=\\"heading\\" id=\\"toolbar-customization-inner-heading\\" aria-label=\\"$i18n{toolbarButtonA11yLabel}\\">$i18n{braveCustomizeMenuToolbarLabel}</h2>
       </sp-heading>
-      <cr-icon icon=\\"cr:chevron-right\\" slot=\\"suffix-icon\\"></cr-icon>
+      <cr-icon icon=\\"window-edit\\" slot=\\"prefix-icon\\"></cr-icon>
     </cr-button>
     \${this.ntpNextFeaturesEnabled_ && this.aimPolicyEnabled_ ? html\`
       <hr class=\\"sp-cards-separator\\">
       <div id=\\"tools\\" class=\\"section sp-card\\">
@@ -107,10 +101,9 @@
     <customize-chrome-wallpaper-search @back-click=\\"\${this.onBackClick_}\\"
         page-name=\\"wallpaper-search\\" id=\\"wallpaperSearchPage\\">
     </customize-chrome-wallpaper-search>
   \` : ''}
-  <customize-chrome-toolbar @back-click=\\"\${this.onBackClick_}\\"
-      page-name=\\"toolbar\\" id=\\"toolbarPage\\"></customize-chrome-toolbar>
+  <customize-chrome-toolbar @back-click=\\"\${this.onBackClick_}\\" page-name=\\"toolbar\\" id=\\"toolbarPage\\"></customize-chrome-toolbar>
 </cr-page-selector>
 <!--_html_template_end_-->\`;
   // clang-format on
 }
"
`;

exports[`mangled files should have up to date snapshots ./chromium_src/chrome/browser/resources/side_panel/customize_chrome/appearance.html.ts.lit_mangler.ts should match snapshot 1`] = `
"===================================================================
--- ../chrome/browser/resources/side_panel/customize_chrome/appearance.html.ts
+++ gen/chrome/browser/resources/side_panel/customize_chrome/preprocessed/appearance.html.ts
@@ -4,80 +4,49 @@
 
 export function getHtml(this: AppearanceElement) {
   // clang-format off
   return html\`<!--_html_template_start_-->
-<customize-chrome-theme-snapshot id=\\"themeSnapshot\\"
-    @edit-theme-click=\\"\${this.onEditThemeClicked_}\\"
-    ?hidden=\\"\${!this.showThemeSnapshot_}\\">
-</customize-chrome-theme-snapshot>
-<customize-chrome-hover-button id=\\"thirdPartyThemeLinkButton\\"
-    class=\\"link-out-button theme-button\\"
-    ?hidden=\\"\${!this.thirdPartyThemeId_}\\"
-    @click=\\"\${this.onThirdPartyThemeLinkButtonClick_}\\"
-    label=\\"\${this.thirdPartyThemeName_}\\"
-    label-description=\\"$i18n{currentTheme}\\">
+
+<customize-chrome-hover-button id=\\"thirdPartyThemeLinkButton\\" class=\\"link-out-button theme-button\\" ?hidden=\\"\${!this.thirdPartyThemeId_}\\" @click=\\"\${this.onThirdPartyThemeLinkButtonClick_}\\" label=\\"\${this.thirdPartyThemeName_}\\" label-description=\\"$i18n{currentTheme}\\">
 </customize-chrome-hover-button>
-<customize-chrome-hover-button id=\\"uploadedImageButton\\" class=\\"theme-button\\"
-    ?hidden=\\"\${!this.showUploadedImageButton_}\\"
-    @click=\\"\${this.onUploadedImageButtonClick_}\\"
-    label=\\"$i18n{yourUploadedImage}\\"
-    label-description=\\"$i18n{currentTheme}\\">
+<customize-chrome-hover-button id=\\"uploadedImageButton\\" class=\\"theme-button\\" ?hidden=\\"\${!this.showUploadedImageButton_}\\" @click=\\"\${this.onUploadedImageButtonClick_}\\" label=\\"$i18n{yourUploadedImage}\\" label-description=\\"$i18n{currentTheme}\\">
 </customize-chrome-hover-button>
-<customize-chrome-hover-button id=\\"searchedImageButton\\" class=\\"theme-button\\"
-    ?hidden=\\"\${!this.showSearchedImageButton_}\\"
-    @click=\\"\${this.onSearchedImageButtonClick_}\\"
-    label=\\"$i18n{yourSearchedImage}\\"
-    label-description=\\"$i18n{currentTheme}\\">
+<customize-chrome-hover-button id=\\"searchedImageButton\\" class=\\"theme-button\\" ?hidden=\\"\${!this.showSearchedImageButton_}\\" @click=\\"\${this.onSearchedImageButtonClick_}\\" label=\\"$i18n{yourSearchedImage}\\" label-description=\\"$i18n{currentTheme}\\">
 </customize-chrome-hover-button>
 \${this.showManagedButton_ ? html\`
-  <customize-chrome-hover-button id=\\"thirdPartyManageLinkButton\\"
-      aria-button-label=\\"\${this.i18n('newTabPageManagedByA11yLabel',
-                           this.managedByName_)}\\"
-      class=\\"link-out-button theme-button\\"
-      @click=\\"\${this.onNewTabPageManageByButtonClicked_}\\"
-      label=\\"\${this.managedByName_}\\"
-      label-description=\\"\${this.managedByDesc_}\\">
-  </customize-chrome-hover-button>
+  
   \`: ''}
-<div id=\\"editButtonsContainer\\" ?hidden=\\"\${!this.showEditTheme_}\\">
-  <cr-button id=\\"editThemeButton\\" @click=\\"\${this.onEditThemeClicked_}\\"
-      class=\\"floating-button\\">
-    <div id=\\"editThemeIcon\\" class=\\"cr-icon edit-theme-icon\\" slot=\\"prefix-icon\\"
-        ?hidden=\\"\${this.wallpaperSearchButtonEnabled_}\\"></div>
-    \${this.editThemeButtonText_}
-  </cr-button>
-  \${this.wallpaperSearchButtonEnabled_ ? html\`
-    <cr-button id=\\"wallpaperSearchButton\\"
-        @click=\\"\${this.onWallpaperSearchClicked_}\\" class=\\"floating-button\\">
-      <div id=\\"wallpaperSearchIcon\\" class=\\"cr-icon edit-theme-icon\\"
-          slot=\\"prefix-icon\\"></div>
-      $i18n{wallpaperSearchTileLabel}
-    </cr-button>
-  \` : ''}
-</div>
+
 <hr class=\\"sp-hr\\" ?hidden=\\"\${!this.showEditTheme_}\\">
 <customize-color-scheme-mode></customize-color-scheme-mode>
 <cr-theme-color-picker id=\\"chromeColors\\" ?hidden=\\"\${!this.showColorPicker_}\\">
 </cr-theme-color-picker>
 <hr class=\\"sp-hr\\" ?hidden=\\"\${!this.showBottomDivider_}\\">
-<div id=\\"followThemeToggle\\" class=\\"sp-card-content\\"
-    ?hidden=\\"\${!this.showDeviceThemeToggle_}\\">
+<div id=\\"followThemeToggle\\" class=\\"sp-card-content\\" ?hidden=\\"\${!this.showDeviceThemeToggle_}\\">
   <div id=\\"followThemeToggleTitle\\">$i18n{followThemeToggle}</div>
-  <cr-toggle id=\\"followThemeToggleControl\\" title=\\"$i18n{followThemeToggle}\\"
-      ?checked=\\"\${!!this.theme_ && this.theme_.followDeviceTheme}\\"
-      @change=\\"\${this.onFollowThemeToggleChange_}\\">
+  <cr-toggle id=\\"followThemeToggleControl\\" title=\\"$i18n{followThemeToggle}\\" ?checked=\\"\${!!this.theme_ && this.theme_.followDeviceTheme}\\" @change=\\"\${this.onFollowThemeToggleChange_}\\">
   </cr-toggle>
 </div>
-<customize-chrome-hover-button id=\\"setClassicChromeButton\\"
-    ?hidden=\\"\${!this.showClassicChromeButton_}\\"
-    label=\\"$i18n{resetToClassicChrome}\\"
-    @click=\\"\${this.onSetClassicChromeClicked_}\\">
+<customize-chrome-hover-button id=\\"setClassicChromeButton\\" ?hidden=\\"\${!this.showClassicChromeButton_}\\" label=\\"$i18n{resetToClassicChrome}\\" @click=\\"\${this.onSetClassicChromeClicked_}\\">
 </customize-chrome-hover-button>
 \${this.showManagedDialog_ ? html\`
   <managed-dialog @close=\\"\${this.onManagedDialogClosed_}\\"
       title=\\"$i18n{managedColorsTitle}\\"
       body=\\"$i18n{managedColorsBody}\\">
   </managed-dialog>
 \` : ''}
-<!--_html_template_end_-->\`;
+<!--_html_template_end_--><div id=\\"editButtonsContainer\\" ?hidden=\\"\${!this.showEditTheme_}\\">
+  <cr-button id=\\"editThemeButton\\" @click=\\"\${this.onEditThemeClicked_}\\" class=\\"floating-button\\">
+    <div id=\\"editThemeIcon\\" class=\\"cr-icon edit-theme-icon\\" slot=\\"prefix-icon\\" ?hidden=\\"\${this.wallpaperSearchButtonEnabled_}\\"></div>
+    \${this.editThemeButtonText_}
+  </cr-button>
+  \${this.wallpaperSearchButtonEnabled_ ? html\`
+    <cr-button id=\\"wallpaperSearchButton\\"
+        @click=\\"\${this.onWallpaperSearchClicked_}\\" class=\\"floating-button\\">
+      <div id=\\"wallpaperSearchIcon\\" class=\\"cr-icon edit-theme-icon\\"
+          slot=\\"prefix-icon\\"></div>
+      $i18n{wallpaperSearchTileLabel}
+    </cr-button>
+  \` : ''}
+</div>\`;
   // clang-format on
 }
"
`;

exports[`mangled files should have up to date snapshots ./chromium_src/chrome/browser/resources/side_panel/customize_chrome/customize_toolbar/toolbar.html.ts.lit_mangler.ts should match snapshot 1`] = `
"===================================================================
--- ../chrome/browser/resources/side_panel/customize_chrome/customize_toolbar/toolbar.html.ts
+++ gen/chrome/browser/resources/side_panel/customize_chrome/preprocessed/customize_toolbar/toolbar.html.ts
@@ -4,26 +4,22 @@
 
 export function getHtml(this: ToolbarElement) {
   return html\`<!--_html_template_start_-->
 <div class=\\"sp-card\\">
-  <sp-heading id=\\"heading\\" @back-button-click=\\"\${this.onBackClick_}\\"
-      back-button-aria-label=\\"$i18n{backButton}\\"
-      back-button-title=\\"$i18n{backButton}\\">
-    <h2 slot=\\"heading\\">$i18n{toolbarHeader}</h2>
+  <sp-heading id=\\"heading\\" @back-button-click=\\"\${this.onBackClick_}\\" back-button-aria-label=\\"$i18n{backButton}\\" back-button-title=\\"$i18n{backButton}\\" hide-back-button=\\"true\\">
+        <close-panel-button id=\\"closeButton\\" iron-icon=\\"close\\" slot=\\"buttons\\"></close-panel-button>
+    <h2 slot=\\"heading\\"><leo-icon name=\\"window-edit\\"></leo-icon>$i18n{toolbarHeader}</h2>
   </sp-heading>
-  <div id=\\"miniToolbarBackground\\">
-    <svg id=\\"miniToolbar\\" src=\\"icons/mini_toolbar.svg\\">
-      <use href=\\"icons/mini_toolbar.svg#miniToolbar\\"></use>
-    </svg>
-  </div>
-  <div class=\\"intro-text\\">$i18n{chooseToolbarIconsLabel}</div>
-  <cr-button id=\\"resetToDefaultButton\\" class=\\"floating-button\\"
-      @click=\\"\${this.onResetToDefaultClicked_}\\"
-      ?disabled=\\"\${this.resetToDefaultDisabled_}\\">
-    <div id=\\"resetToDefaultIcon\\" class=\\"cr-icon\\" slot=\\"prefix-icon\\"></div>
-    $i18n{resetToDefaultButtonLabel}
-  </cr-button>
+  
+  
+  
 </div>
+      <div class=\\"sp-card\\">
+        <div class=\\"intro-text\\">$i18n{chooseToolbarIconsLabel}</div>
+        <div id=\\"tipCardLabel\\">$i18n{reorderTipLabel}</div>
+    
+      </div>
+    
 <hr class=\\"sp-cards-separator\\">
 <div class=\\"sp-card\\" id=\\"pinningSelectionCard\\">
   \${
       this.categories_.map(
@@ -71,14 +67,12 @@
               categoryIndex !== this.categories_.length - 1 ?
                   html\`<hr class=\\"sp-hr\\">\` :
                   ''}
   \`)}
-</div>
+</div><cr-button id=\\"resetToDefaultButton\\" class=\\"floating-button\\" @click=\\"\${this.onResetToDefaultClicked_}\\" ?disabled=\\"\${this.resetToDefaultDisabled_}\\">
+    <div id=\\"resetToDefaultIcon\\" class=\\"cr-icon\\" slot=\\"prefix-icon\\"></div>
+    $i18n{resetToDefaultButtonLabel}
+  </cr-button>
 <hr class=\\"sp-cards-separator\\">
-<div class=\\"sp-card\\" id=\\"tipCard\\">
-  <svg id=\\"tipIcon\\" src=\\"icons/lightbulb_outline.svg\\">
-    <use href=\\"icons/lightbulb_outline.svg#lightbulbOutline\\"></use>
-  </svg>
-  $i18n{reorderTipLabel}
-</div>
+
 <!--_html_template_end_-->\`;
 }
"
`;

exports[`mangled files should have up to date snapshots ./chromium_src/chrome/browser/resources/signin/profile_picker/profile_card.html.ts.lit_mangler.ts should match snapshot 1`] = `
"===================================================================
--- ../chrome/browser/resources/signin/profile_picker/profile_card.html.ts
+++ gen/chrome/browser/resources/signin/profile_picker/preprocessed/profile_card.html.ts
@@ -5,54 +5,37 @@
 
 export function getHtml(this: ProfileCardElement) {
   return html\`<!--_html_template_start_-->
 <div id=\\"profileCardContainer\\">
-  <cr-button id=\\"profileCardButton\\" @click=\\"\${this.onProfileClick_}\\"
-      ?disabled=\\"\${this.disabled}\\"
-      aria-label=\\"\${this.profileState.profileCardButtonLabel}\\">
+  <cr-button id=\\"profileCardButton\\" @click=\\"\${this.onProfileClick_}\\" ?disabled=\\"\${this.disabled}\\" aria-label=\\"\${this.profileState.profileCardButtonLabel}\\" class=\\"plain\\">
     <div id=\\"avatarContainer\\">
       <img class=\\"profile-avatar\\" alt=\\"\\" .src=\\"\${this.profileState.avatarIcon}\\">
-      <div id=\\"iconContainer\\"
-          ?hidden=\\"\${!this.profileState.avatarBadge.length}\\">
+      <div id=\\"iconContainer\\" ?hidden=\\"\${!this.profileState.avatarBadge.length}\\">
         <cr-icon icon=\\"\${this.profileState.avatarBadge}\\"></cr-icon>
       </div>
     </div>
-    <div id=\\"gaiaName\\" class=\\"profile-card-info secondary-text\\"
-        ?hidden=\\"\${this.profileState.needsSignin}\\">
+    <div id=\\"gaiaName\\" class=\\"profile-card-info secondary-text\\" ?hidden=\\"\${this.profileState.needsSignin}\\">
       \${this.profileState.gaiaName}
     </div>
-    <div id=\\"forceSigninContainer\\" class=\\"profile-card-info secondary-text\\"
-        ?hidden=\\"\${!this.profileState.needsSignin}\\">
+    <div id=\\"forceSigninContainer\\" class=\\"profile-card-info secondary-text\\" ?hidden=\\"\${!this.profileState.needsSignin}\\">
       <div>$i18n{needsSigninPrompt}</div>
       <cr-icon id=\\"forceSigninIcon\\" icon=\\"profiles:lock\\"></cr-icon>
     </div>
   </cr-button>
   <div id=\\"profileNameInputWrapper\\">
-    <cr-input class=\\"profile-card-info prominent-text\\" id=\\"nameInput\\"
-        aria-label=\\"$i18n{profileCardInputLabel}\\"
-        .value=\\"\${this.profileState.localProfileName}\\"
-        @change=\\"\${this.onProfileNameChanged_}\\"
-        @keydown=\\"\${this.onProfileNameKeydown_}\\"
-        @blur=\\"\${this.onProfileNameInputBlur_}\\" pattern=\\"\${this.pattern_}\\"
-        auto-validate spellcheck=\\"false\\"
-        @pointerenter=\\"\${this.onNameInputPointerEnter_}\\"
-        @pointerleave=\\"\${this.onNameInputPointerLeave_}\\"
-        ?disabled=\\"\${
-      isGlicVersion() || this.profileState.hasEnterpriseLabel}\\" required>
+    <cr-input class=\\"profile-card-info prominent-text\\" id=\\"nameInput\\" aria-label=\\"$i18n{profileCardInputLabel}\\" .value=\\"\${this.profileState.localProfileName}\\" @change=\\"\${this.onProfileNameChanged_}\\" @keydown=\\"\${this.onProfileNameKeydown_}\\" @blur=\\"\${this.onProfileNameInputBlur_}\\" pattern=\\"\${this.pattern_}\\" auto-validate=\\"\\" spellcheck=\\"false\\" @pointerenter=\\"\${this.onNameInputPointerEnter_}\\" @pointerleave=\\"\${this.onNameInputPointerLeave_}\\" ?disabled=\\"\${
+      isGlicVersion() || this.profileState.hasEnterpriseLabel}\\" required=\\"\\">
     </cr-input>
     <div id=\\"hoverUnderline\\" ?hidden=\\"\${
       isGlicVersion() || this.profileState.hasEnterpriseLabel}\\"></div>
   </div>
-  <profile-card-menu .profileState=\\"\${this.profileState}\\"
-      ?hidden=\\"\${isGlicVersion()}\\">
+  <profile-card-menu .profileState=\\"\${this.profileState}\\" ?hidden=\\"\${isGlicVersion()}\\">
   </profile-card-menu>
 </div>
-<cr-tooltip id=\\"gaiaNameTooltip\\" for=\\"gaiaName\\" manual-mode offset=\\"0\\"
-    position=\\"bottom\\" aria-hidden=\\"true\\">
+<cr-tooltip id=\\"gaiaNameTooltip\\" for=\\"gaiaName\\" manual-mode=\\"\\" offset=\\"0\\" position=\\"bottom\\" aria-hidden=\\"true\\">
   \${this.profileState.gaiaName}
 </cr-tooltip>
-<cr-tooltip id=\\"tooltip\\" for=\\"nameInput\\" manual-mode offset=\\"-10\\"
-    aria-hidden=\\"true\\">
+<cr-tooltip id=\\"tooltip\\" for=\\"nameInput\\" manual-mode=\\"\\" offset=\\"-10\\" aria-hidden=\\"true\\">
   \${this.getNameInputTooltipText()}
 </cr-tooltip>
 <!--_html_template_end_-->\`;
 }
"
`;

exports[`mangled files should have up to date snapshots ./chromium_src/chrome/browser/resources/signin/profile_picker/profile_picker_main_view.html.ts.lit_mangler.ts should match snapshot 1`] = `
"===================================================================
--- ../chrome/browser/resources/signin/profile_picker/profile_picker_main_view.html.ts
+++ gen/chrome/browser/resources/signin/profile_picker/preprocessed/profile_picker_main_view.html.ts
@@ -14,10 +14,9 @@
     }
   }()}
 <div class=\\"flex-container\\">
   <div class=\\"title-container\\">
-    <img id=\\"picker-logo\\" @click=\\"\${this.onProductLogoClick_}\\"
-        src=\\"picker_logo.svg\\" role=\\"presentation\\">
+    <img id=\\"picker-logo\\" @click=\\"\${this.onProductLogoClick_}\\" src=\\"picker_logo.svg\\" role=\\"presentation\\">
     <h1 class=\\"title\\" .innerHTML=\\"\${this.getTitle_()}\\"></h1>
     <div class=\\"subtitle\\" .innerHTML=\\"\${this.getSubtitle_()}\\"></div>
   </div>
   <div id=\\"profilesWrapper\\" ?hidden=\\"\${(this.shouldHideProfilesWrapper_())}\\">
@@ -28,39 +27,24 @@
             @toggle-drag=\\"\${this.toggleDrag_}\\"
             @disable-all-picker-buttons=\\"\${this.disableAllPickerButtons_}\\">
         </profile-card>
       \`)}
-      <cr-button id=\\"addProfile\\" class=\\"profile-item\\"
-          @click=\\"\${this.onAddProfileClick_}\\"
-          ?hidden=\\"\${!this.profileCreationAllowed_}\\"
-          ?disabled=\\"\${this.pickerButtonsDisabled_}\\"
-          aria-labelledby=\\"addProfileButtonLabel\\">
-        <div id=\\"addProfileButtonLabel\\"
-            class=\\"profile-card-info prominent-text\\">
+      <cr-button id=\\"addProfile\\" class=\\"profile-item plain\\" @click=\\"\${this.onAddProfileClick_}\\" ?hidden=\\"\${!this.profileCreationAllowed_}\\" ?disabled=\\"\${this.pickerButtonsDisabled_}\\" aria-labelledby=\\"addProfileButtonLabel\\">
+        <div id=\\"addProfileButtonLabel\\" class=\\"profile-card-info prominent-text\\">
           $i18n{addSpaceButton}
         </div>
         <cr-icon icon=\\"profiles:add\\"></cr-icon>
       </cr-button>
     </div>
   </div>
-<if expr=\\"enable_glic\\">
-  <div id=\\"footer-text\\" class=\\"subtitle\\"
-      ?hidden=\\"\${this.shouldHideFooterText_()}\\">
-    $i18nRaw{glicAddProfileHelper}
-  </div>
-</if>
+
 </div>
 <div class=\\"footer\\">
-  <cr-button id=\\"browseAsGuestButton\\"
-      @click=\\"\${this.onLaunchGuestProfileClick_}\\"
-      ?hidden=\\"\${!this.guestModeEnabled_}\\"
-      ?disabled=\\"\${this.pickerButtonsDisabled_}\\">
+  <cr-button id=\\"browseAsGuestButton\\" @click=\\"\${this.onLaunchGuestProfileClick_}\\" ?hidden=\\"\${!this.guestModeEnabled_}\\" ?disabled=\\"\${this.pickerButtonsDisabled_}\\">
     <cr-icon icon=\\"profiles:account-box\\" slot=\\"prefix-icon\\"></cr-icon>
     $i18n{browseAsGuestButton}
   </cr-button>
-  <cr-checkbox id=\\"askOnStartup\\" ?checked=\\"\${this.askOnStartup_}\\"
-      @checked-changed=\\"\${this.onAskOnStartupChangedByUser_}\\"
-      ?hidden=\\"\${this.hideAskOnStartup_}\\">
+  <cr-checkbox id=\\"askOnStartup\\" ?checked=\\"\${this.askOnStartup_}\\" @checked-changed=\\"\${this.onAskOnStartupChangedByUser_}\\" ?hidden=\\"\${this.hideAskOnStartup_}\\">
     $i18n{askOnStartupCheckboxText}
   </cr-checkbox>
 </div>
 
@@ -70,15 +54,12 @@
   <div slot=\\"body\\" id=\\"dialog-body\\" class=\\"warning-message\\">
     \${this.forceSigninErrorDialogBody_}
   </div>
   <div slot=\\"button-container\\" class=\\"button-container\\">
-    <cr-button id=\\"cancel-button\\"
-        @click=\\"\${this.onForceSigninErrorDialogOkButtonClicked_}\\">
+    <cr-button id=\\"cancel-button\\" @click=\\"\${this.onForceSigninErrorDialogOkButtonClicked_}\\">
       $i18n{ok}
     </cr-button>
-    <cr-button id=\\"button-sign-in\\" class=\\"action-button\\"
-        @click=\\"\${this.onReauthClicked_}\\"
-        ?hidden=\\"\${!this.shouldShownSigninButton_}\\">
+    <cr-button id=\\"button-sign-in\\" class=\\"action-button\\" @click=\\"\${this.onReauthClicked_}\\" ?hidden=\\"\${!this.shouldShownSigninButton_}\\">
       $i18n{needsSigninPrompt}
     </cr-button>
   </div>
 </cr-dialog>
"
`;

exports[`mangled files should have up to date snapshots ./chromium_src/components/webui/chrome_urls/resources/app.html.ts.lit_mangler.ts should match snapshot 1`] = `
"===================================================================
--- ../components/webui/chrome_urls/resources/app.html.ts
+++ gen/components/webui/chrome_urls/resources/preprocessed/app.html.ts
@@ -4,16 +4,16 @@
 
 export function getHtml(this: ChromeUrlsAppElement) {
   // clang-format off
   return html\`
-<h2>List of Chrome URLs</h2>
+<h2>List of Brave URLs</h2>
 <ul>
   \${this.webuiUrlInfos_.map(info => html\`
     \${this.isChromeUrlsUrl_(info) ?
-      html\`<li><a href=\\"#\\">chrome://chrome-urls</a></li>\` :
+      html\`<li><a href=\\"#\\">brave://chrome-urls</a></li>\` :
       html\`\${info.enabled ?
-        html\`<li><a href=\\"\${info.url.url}\\">\${info.url.url}</a></li>\` :
-        html\`<li>\${info.url.url}</li>\`
+        html\`<li><a href=\\"\${info.url.url}\\">\${info.url.url.replace(/chrome:/, \\"brave:\\")}</a></li>\` :
+        html\`<li>\${info.url.url.replace(/chrome:/, \\"brave:\\")}</li>\`
       }\`
     }\`)}
 </ul>
 \${this.internalUrlInfos_.length ? html\`
@@ -28,10 +28,10 @@
   </cr-button>
   <ul>
     \${this.internalUrlInfos_.map(info => html\`
       \${this.isInternalUiEnabled_(info) ?
-        html\`<li><a href=\\"\${info.url.url}\\">\${info.url.url}</a></li>\` :
-        html\`<li>\${info.url.url}</li>\`
+        html\`<li><a href=\\"\${info.url.url}\\">\${info.url.url.replace(/chrome:/, \\"brave:\\")}</a></li>\` :
+        html\`<li>\${info.url.url.replace(/chrome:/, \\"brave:\\")}</li>\`
       }\`)}
   </ul>\` : ''}
 \${this.commandUrls_.length ? html\`
   <h2>Command URLs for Debug</h2>
@@ -40,7 +40,7 @@
     hang the renderer, they're not linked directly; you can type them into the
     address bar if you need them.
   </p>
   <ul>
-    \${this.commandUrls_.map(url => html\`<li>\${url.url}</li>\`)}
+    \${this.commandUrls_.map(url => html\`<li>\${url.url.replace(/chrome:/, \\"brave:\\")}</li>\`)}
   </ul>\` : ''}\`;
 }
"
`;
