// Jest Snapshot v1, https://goo.gl/fbAQLP

exports[`Tooltip tests basic tests matches the snapshot 1`] = `
.c0 {
  position: relative;
}

.c2 {
  width: 0;
  height: 0;
  border-style: solid;
  position: absolute;
  z-index: 3;
  top: -7px;
  left: calc(50% - 4px);
  border-width: 0 6.5px 8px 6.5px;
  border-color: transparent transparent #0c0d21 transparent;
}

.c3 {
  width: 0;
  height: 0;
  border-style: solid;
  position: absolute;
  z-index: 2;
  top: -9px;
  left: calc(50% - 4px);
  border-width: 0 6.5px 8px 6.5px;
  border-color: transparent transparent #0c0d21 transparent;
}

.c1 {
  display: none;
  position: absolute;
  border-radius: 4px;
  font-family: Muli;
  font-size: 14px;
  line-height: 1.71;
  -webkit-letter-spacing: -0.1px;
  -moz-letter-spacing: -0.1px;
  -ms-letter-spacing: -0.1px;
  letter-spacing: -0.1px;
  text-align: center;
  padding: 4px;
  width: 150px;
  box-shadow: 1px 1px 5px 0 rgba(34,35,38,0.43);
  background: #0c0d21;
  border: 1px solid #0c0d21;
  color: #fff;
  margin-top: 14px;
  top: 100%;
  left: -50%;
}

<div
  className="c0"
  id="tooltip"
  onMouseEnter={[Function]}
  onMouseLeave={[Function]}
>
  <div
    className="c1"
    open={false}
  >
    <div
      className="c2"
    />
    <div
      className="c3"
    />
  </div>
</div>
`;
