// Jest Snapshot v1, https://goo.gl/fbAQLP

exports[`Tooltip tests basic tests matches the snapshot 1`] = `
.c0 {
  display: inline-block;
  position: relative;
}

.c1 {
  left: 50%;
  top: calc(100% + 10px);
  -webkit-transform: translateX(-50%);
  -ms-transform: translateX(-50%);
  transform: translateX(-50%);
  white-space: nowrap;
  position: absolute;
  background: #0C0D21;
  text-align: center;
  padding: 10px;
  z-index: 2;
  border-radius: 3px;
  box-shadow: 1px 1px 5px 0 rgba(34,35,38,0.43);
  display: none;
}

.c3 {
  color: #FFFFFF;
  font-family: Muli,sans-serif;
  font-weight: 300;
  font-size: 14px;
}

.c2 {
  width: 0;
  height: 0;
  border-style: solid;
  position: absolute;
  top: -7px;
  left: calc(50% - 7px);
  border-width: 0 7px 8px 7px;
  border-color: transparent transparent #0C0D21 transparent;
}

.c4 {
  cursor: pointer;
}

<div
  className="c0"
  id="tooltip"
>
  <div
    className="c1"
  >
    <div
      className="c2"
    />
    <div
      className="c3"
    />
  </div>
  <div
    className="c4"
    onMouseEnter={[Function]}
    onMouseLeave={[Function]}
  />
</div>
`;
