// Jest Snapshot v1, https://goo.gl/fbAQLP

exports[`Tooltip tests basic tests matches the snapshot 1`] = `
<div
  className="sc-bdVaJa deoOUC"
  id="tooltip"
>
  <div
    className="sc-bwzfXH gTFGNZ"
  >
    <div
      className="sc-bxivhb chIBVj"
    />
    <div
      className="sc-htpNat lhRZpK"
    />
  </div>
  <div
    className="sc-ifAKCX McIES"
    onMouseEnter={[Function]}
    onMouseLeave={[Function]}
  />
</div>
`;
