// Jest Snapshot v1, https://goo.gl/fbAQLP

exports[`WalletPanel tests basic tests matches the snapshot 1`] = `
.c0 {
  display: block;
}

.c1 {
  padding: 25px 30px 15px 30px;
}

.c13 {
  margin-left: 30px;
  font-weight: 300;
  color: #4B4C5C;
  font-size: 14px;
}

.c11 {
  margin: 0;
  font-weight: 300;
  color: #4B4C5C;
  font-size: 14px;
  -webkit-letter-spacing: 0;
  -moz-letter-spacing: 0;
  -ms-letter-spacing: 0;
  letter-spacing: 0;
  margin-left: 10px;
}

.c8 {
  padding: 15px 0px 6px;
}

.c14 {
  padding: 5px 0px;
  border-top: 1px solid #DBDFE3;
  border-bottom: 1px solid #DBDFE3;
  min-height: 70px;
}

.c15 {
  display: inline-block;
  color: #838391;
  font-size: 12px;
  font-weight: normal;
  -webkit-letter-spacing: 0;
  -moz-letter-spacing: 0;
  -ms-letter-spacing: 0;
  letter-spacing: 0;
  line-height: 26px;
  margin-left: 10px;
}

.c16 {
  width: 15px;
  margin-left: 5px;
  display: inline-block;
  vertical-align: middle;
}

.c24 {
  text-align: center;
  padding: 15px 0 0;
  margin: 0 auto;
}

.c18 {
  margin-top: 6px;
}

.c9 {
  display: -webkit-box;
  display: -webkit-flex;
  display: -ms-flexbox;
  display: flex;
  -webkit-flex-direction: row;
  -ms-flex-direction: row;
  flex-direction: row;
}

.c10 {
  -webkit-flex: 5 0 0;
  -ms-flex: 5 0 0;
  flex: 5 0 0;
}

.c12 {
  -webkit-flex: 1 0 0;
  -ms-flex: 1 0 0;
  flex: 1 0 0;
}

.c28 {
  display: none;
}

.c26 {
  --button-main-color: #4C54D2;
  --button-main-color-hover: #392DD1;
  --button-main-color-active: #AAAFEF;
  --button-state-color: var(--button-main-color);
  --icon-size: 18px;
  --icon-spacing: 6px;
  --webkit-appearance: none;
  box-sizing: border-box;
  background: none;
  border: none;
  outline: none;
  display: -webkit-box;
  display: -webkit-flex;
  display: -ms-flexbox;
  display: flex;
  -webkit-flex-direction: row-reverse;
  -ms-flex-direction: row-reverse;
  flex-direction: row-reverse;
  -webkit-box-pack: center;
  -webkit-justify-content: center;
  -ms-flex-pack: center;
  justify-content: center;
  -webkit-align-items: center;
  -webkit-box-align: center;
  -ms-flex-align: center;
  align-items: center;
  font-family: Poppins,sans-serif;
  cursor: pointer;
  -webkit-user-select: none;
  -moz-user-select: none;
  -ms-user-select: none;
  user-select: none;
  font-size: 14px;
  border-radius: 28px;
  width: 100%;
  min-width: 235px;
  padding: 19px 15px;
}

.c26:hover:enabled {
  --button-state-color: var(--button-main-color-hover);
}

.c26:active:enabled {
  --button-state-color: var(--button-main-color-active);
}

.c25 {
  border: 1px solid;
  color: var(--button-state-color);
}

.c27 {
  min-height: var(--icon-size);
  display: -webkit-box;
  display: -webkit-flex;
  display: -ms-flexbox;
  display: flex;
  -webkit-align-items: center;
  -webkit-box-align: center;
  -ms-flex-align: center;
  align-items: center;
  text-align: center;
  -webkit-letter-spacing: 0;
  -moz-letter-spacing: 0;
  -ms-letter-spacing: 0;
  letter-spacing: 0;
  font-weight: 600;
  text-transform: uppercase;
  line-height: 1;
}

.c17 {
  width: 100%;
  height: 100%;
  fill: currentColor;
}

.c19 {
  display: -webkit-box;
  display: -webkit-flex;
  display: -ms-flexbox;
  display: flex;
}

.c21 {
  position: relative;
  display: block;
  height: 16px;
  width: 28px;
}

.c22 {
  background: #A7ACB2;
  height: 6px;
  margin-top: 5px;
  width: 100%;
  border-radius: 3px;
}

.c23 {
  position: relative;
  border-radius: 50%;
  -webkit-transition: all .4s ease;
  transition: all .4s ease;
  --toggle-bullet-size: 16px;
  --toggle-bullet-transform: translate(-1px,calc(-50% - 3px));
  --toggle-bullet-background: #CDD1D5;
  width: var(--toggle-bullet-size);
  height: var(--toggle-bullet-size);
  -webkit-transform: var(--toggle-bullet-transform);
  -ms-transform: var(--toggle-bullet-transform);
  transform: var(--toggle-bullet-transform);
  background-color: var(--toggle-bullet-background);
  box-shadow: 0 3px 3px rgba(0,0,0,0.05);
}

.c20 {
  color: #838391;
  font-size: 12px;
  font-family: Poppins,sans-serif;
  text-align: right;
  -webkit-letter-spacing: 0.4px;
  -moz-letter-spacing: 0.4px;
  -ms-letter-spacing: 0.4px;
  letter-spacing: 0.4px;
  text-transform: uppercase;
  margin: 0px 8px 0 0;
  opacity: 1;
  -webkit-transition: 100ms ease-out;
  transition: 100ms ease-out;
}

.c2 {
  position: relative;
  display: -webkit-box;
  display: -webkit-flex;
  display: -ms-flexbox;
  display: flex;
  -webkit-box-pack: justify;
  -webkit-justify-content: space-between;
  -ms-flex-pack: justify;
  justify-content: space-between;
  -webkit-align-items: center;
  -webkit-box-align: center;
  -ms-flex-align: center;
  align-items: center;
  -webkit-align-content: flex-start;
  -ms-flex-line-pack: start;
  align-content: flex-start;
  -webkit-flex-wrap: nowrap;
  -ms-flex-wrap: nowrap;
  flex-wrap: nowrap;
  font-family: Poppins,sans-serif;
}

.c3 {
  -webkit-flex-basis: 30px;
  -ms-flex-preferred-size: 30px;
  flex-basis: 30px;
  position: relative;
}

.c4 {
  border-radius: 50%;
  width: 48px;
  height: 48px;
}

.c5 {
  -webkit-box-flex: 1;
  -webkit-flex-grow: 1;
  -ms-flex-positive: 1;
  flex-grow: 1;
  -webkit-flex-shrink: 1;
  -ms-flex-negative: 1;
  flex-shrink: 1;
  -webkit-flex-basis: 50%;
  -ms-flex-preferred-size: 50%;
  flex-basis: 50%;
  margin-top: -5px;
  padding-left: 11px;
}

.c6 {
  margin-top: 2px;
  margin-left: 0;
}

.c7 {
  white-space: nowrap;
  font-size: 18px;
  font-weight: 500;
  line-height: 1.22;
  -webkit-letter-spacing: -0.2px;
  -moz-letter-spacing: -0.2px;
  -ms-letter-spacing: -0.2px;
  letter-spacing: -0.2px;
  color: #4B4C5C;
}

<div
  className="c0"
>
  <div
    className="c1"
    id="wallet-panel"
  >
    <div
      className="c0"
    >
      <div
        className="c2"
      >
        <div
          className="c3"
        >
          <img
            className="c4"
            src=""
            type="big"
          />
        </div>
        <div
          className="c5"
          type="big"
        >
          <div
            className="c6"
            type="big"
          >
            <span
              className="c7"
              type="big"
            >
              
            </span>
          </div>
        </div>
      </div>
    </div>
    <section
      className="c8"
    >
      <div
        className="c9"
      >
        <div
          className="c10"
          size="5"
        >
          <span
            className="c11"
          >
            MISSING: rewardsContributeAttentionScore
          </span>
        </div>
        <div
          className="c12"
          size="1"
        >
          <span
            className="c13"
          >
            %
          </span>
        </div>
      </div>
    </section>
    <section
      className="c14"
    >
      <div
        className="c0"
      >
        <div
          className="c9"
        >
          <div
            className="c10"
            size="5"
          >
            <span
              className="c15"
            >
              MISSING: donateMonthly
            </span>
            <span
              className="c16"
            >
              <svg
                aria-hidden="true"
                className="c17"
                color="#4C54D2"
                focusable="false"
                viewBox="0 0 32 32"
              >
                <path
                  d="M23.68134 11.30439C22.08752 8.70199 19.21782 7 16 7c-4.97056 0-9 4.02944-9 9s4.02944 9 9 9c2.50086 0 4.83581-1.02378 6.52498-2.8012.38046-.40034 1.01342-.41646 1.41375-.036.40034.38046.41645 1.01342.036 1.41376C21.91179 25.74727 19.05469 27 16 27 9.92487 27 5 22.07513 5 16S9.92487 5 16 5c4.27936 0 8.05419 2.46205 9.86553 6.12678C27.10091 11.49832 28 12.64424 28 14c0 1.65667-1.34247 3-3.00056 3C23.34247 17 22 15.65667 22 14c0-1.1838.68547-2.2076 1.68134-2.69561z"
                />
              </svg>
            </span>
          </div>
          <div
            className="c12"
            size="1"
          />
        </div>
        <div
          className="c9"
        >
          <div
            className="c10"
            size="5"
          >
            <span
              className="c15"
            >
              MISSING: includeInAuto
            </span>
          </div>
          <div
            className="c12"
            size="1"
          >
            <div
              className="c18"
            >
              <div
                className="c19"
              >
                <div
                  className="c20"
                  size="small"
                >
                  MISSING: off
                </div>
                <div
                  className="c21"
                  data-test-id="toggle"
                  size="small"
                >
                  <div
                    className="c22"
                    size="small"
                  />
                  <div
                    className="c23"
                    size="small"
                    type="dark"
                  />
                </div>
              </div>
            </div>
          </div>
        </div>
      </div>
    </section>
    <div
      className="c24"
    >
      <button
        className="c25 c26"
        size="call-to-action"
        type="accent"
      >
        <div
          className="c27"
          size="call-to-action"
          type="accent"
        >
          MISSING: donateNow
        </div>
      </button>
    </div>
  </div>
  <div
    className="c28"
  />
</div>
`;
