// Jest Snapshot v1, https://goo.gl/fbAQLP

exports[`DonationOverlay tests basic tests matches the snapshot 1`] = `
.c0 {
  display: -webkit-box;
  display: -webkit-flex;
  display: -ms-flexbox;
  display: flex;
}

.c1 {
  display: -webkit-box;
  display: -webkit-flex;
  display: -ms-flexbox;
  display: flex;
  position: fixed;
  top: 0;
  left: 0;
  width: 100%;
  height: 100%;
  background: rgba(12,13,33,0.85);
  font-family: "Poppins",sans-serif;
  -webkit-box-pack: center;
  -webkit-justify-content: center;
  -ms-flex-pack: center;
  justify-content: center;
}

.c4 {
  display: block;
}

.c5 {
  margin-top: 110px;
  padding-left: 5px;
  display: -webkit-box;
  display: -webkit-flex;
  display: -ms-flexbox;
  display: flex;
  -webkit-flex-direction: column;
  -ms-flex-direction: column;
  flex-direction: column;
  -webkit-align-items: center;
  -webkit-box-align: center;
  -ms-flex-align: center;
  align-items: center;
}

.c6 {
  width: 55px;
  color: #E2052A;
  display: block;
  cursor: pointer;
  margin-bottom: 40px;
}

.c8 {
  color: #FFFFFF;
  font-size: 28px;
  font-weight: 600;
  -webkit-letter-spacing: 0;
  -moz-letter-spacing: 0;
  -ms-letter-spacing: 0;
  letter-spacing: 0;
  line-height: 28px;
  display: block;
  margin-bottom: 10px;
}

.c9 {
  color: #FFFFFF;
  font-size: 16px;
  font-family: "Muli",sans-serif;
  font-weight: normal;
  -webkit-letter-spacing: 0;
  -moz-letter-spacing: 0;
  -ms-letter-spacing: 0;
  letter-spacing: 0;
  line-height: 28px;
  display: block;
  text-align: center;
  width: 249px;
}

.c2 {
  top: 14px;
  right: 17px;
  position: absolute;
  background: none;
  border: none;
  padding: 0;
  cursor: pointer;
  width: 27px;
  height: 27px;
  color: #FFF;
  z-index: 2;
}

.c7 {
  width: 100%;
  height: 100%;
  fill: currentColor;
}

.c3 {
  width: 100%;
  height: 100%;
  fill: currentColor;
}

<div
  className="c0"
>
  <div
    className="c1"
    id="donationoverlay"
  >
    <button
      className="c2"
    >
      <svg
        aria-hidden="true"
        className="c3"
        focusable="false"
        viewBox="0 0 32 32"
      >
        <path
          d="M15.77817 14.36396l7.07107-7.07107c.39053-.39052 1.0237-.39052 1.41422 0 .39052.39053.39052 1.0237 0 1.41422l-7.07107 7.07106 7.07107 7.07107c.39052.39053.39052 1.0237 0 1.41422-.39053.39052-1.0237.39052-1.41422 0l-7.07107-7.07107-7.07106 7.07107c-.39053.39052-1.0237.39052-1.41422 0-.39052-.39053-.39052-1.0237 0-1.41422l7.07107-7.07107L7.2929 8.70711c-.39052-.39053-.39052-1.0237 0-1.41422.39053-.39052 1.0237-.39052 1.41422 0l7.07106 7.07107z"
        />
      </svg>
    </button>
    <div
      className="c4"
    >
      <div
        className="c5"
      >
        <span
          className="c6"
        >
          <svg
            aria-hidden="true"
            className="c7"
            focusable="false"
            viewBox="0 0 32 32"
          >
            <path
              d="M16 14.58579l3.2929-3.2929c.39052-.39052 1.02368-.39052 1.4142 0 .39053.39053.39053 1.0237 0 1.41422L17.41422 16l3.2929 3.2929c.39052.39052.39052 1.02368 0 1.4142-.39053.39053-1.0237.39053-1.41422 0L16 17.41422l-3.2929 3.2929c-.39052.39052-1.02368.39052-1.4142 0-.39053-.39053-.39053-1.0237 0-1.41422L14.58578 16l-3.2929-3.2929c-.39052-.39052-.39052-1.02368 0-1.4142.39053-.39053 1.0237-.39053 1.41422 0L16 14.58578zM28 16c0 6.62695-5.37338 12-12 12-6.62795 0-12-5.37238-12-12C4 9.37172 9.37172 4 16 4c6.62695 0 12 5.37238 12 12zm-2 0c0-5.523-4.47757-10-10-10-5.52372 0-10 4.47628-10 10 0 5.52307 4.47664 10 10 10 5.52207 0 10-4.47764 10-10z"
            />
          </svg>
        </span>
        <span
          className="c8"
        >
          MISSING: uhOh
        </span>
        <span
          className="c9"
        >
          MISSING: donationFailureMsg
        </span>
      </div>
    </div>
  </div>
</div>
`;
