// Jest Snapshot v1, https://goo.gl/fbAQLP

exports[`DonationOverlay tests basic tests matches the snapshot 1`] = `
.c0 {
  display: -webkit-box;
  display: -webkit-flex;
  display: -ms-flexbox;
  display: flex;
}

.c1 {
  display: -webkit-box;
  display: -webkit-flex;
  display: -ms-flexbox;
  display: flex;
  position: fixed;
  top: 0;
  left: 0;
  width: 100%;
  height: 100%;
  background: rgba(12,13,33,0.85);
  font-family: "Poppins",sans-serif;
  -webkit-box-pack: center;
  -webkit-justify-content: center;
  -ms-flex-pack: center;
  justify-content: center;
}

.c4 {
  display: block;
}

.c5 {
  margin-top: 110px;
  padding-left: 5px;
  display: -webkit-box;
  display: -webkit-flex;
  display: -ms-flexbox;
  display: flex;
  -webkit-flex-direction: column;
  -ms-flex-direction: column;
  flex-direction: column;
  -webkit-align-items: center;
  -webkit-box-align: center;
  -ms-flex-align: center;
  align-items: center;
}

.c6 {
  color: #FFF;
}

.c2 {
  top: 20px;
  right: 20px;
  position: absolute;
  background: none;
  border: none;
  cursor: pointer;
  width: 24px;
  height: 24px;
  color: #FFF;
  padding: 0;
  z-index: 2;
}

.c7 {
  color: #FFFFFF;
  font-size: 28px;
  font-weight: 600;
  -webkit-letter-spacing: 0;
  -moz-letter-spacing: 0;
  -ms-letter-spacing: 0;
  letter-spacing: 0;
  line-height: 28px;
  display: block;
  margin-bottom: 10px;
}

.c8 {
  color: #FFFFFF;
  font-size: 16px;
  font-family: "Muli",sans-serif;
  font-weight: normal;
  -webkit-letter-spacing: 0;
  -moz-letter-spacing: 0;
  -ms-letter-spacing: 0;
  letter-spacing: 0;
  line-height: 28px;
  display: block;
  text-align: center;
  width: 249px;
}

.c3 {
  width: 100%;
  height: 100%;
  fill: currentColor;
}

<div
  className="c0"
>
  <div
    className="c1"
    id="donationoverlay"
  >
    <button
      className="c2"
    >
      <svg
        aria-hidden="true"
        className="c3"
        focusable="false"
        viewBox="0 0 32 32"
      >
        <path
          d="M16 3a13 13 0 1 0 13 13A13 13 0 0 0 16 3zm0 24a11 11 0 1 1 11-11 11 11 0 0 1-11 11z"
        />
        <path
          d="M20.71 11.29a1 1 0 0 0-1.42 0L16 14.59l-3.29-3.3a1 1 0 0 0-1.42 1.42l3.3 3.29-3.3 3.29a1 1 0 0 0 0 1.42 1 1 0 0 0 1.42 0l3.29-3.3 3.29 3.3a1 1 0 0 0 1.42 0 1 1 0 0 0 0-1.42L17.41 16l3.3-3.29a1 1 0 0 0 0-1.42z"
        />
      </svg>
    </button>
    <div
      className="c4"
    >
      <div
        className="c5"
      >
        <span
          className="c6"
        >
          <svg
            aria-hidden="true"
            className="c3"
            focusable="false"
            viewBox="0 0 32 32"
          >
            <path
              d="M16 3a13 13 0 1 0 13 13A13 13 0 0 0 16 3zm0 24a11 11 0 1 1 11-11 11 11 0 0 1-11 11z"
            />
            <path
              d="M20.71 11.29a1 1 0 0 0-1.42 0L16 14.59l-3.29-3.3a1 1 0 0 0-1.42 1.42l3.3 3.29-3.3 3.29a1 1 0 0 0 0 1.42 1 1 0 0 0 1.42 0l3.29-3.3 3.29 3.3a1 1 0 0 0 1.42 0 1 1 0 0 0 0-1.42L17.41 16l3.3-3.29a1 1 0 0 0 0-1.42z"
            />
          </svg>
        </span>
        <span
          className="c7"
        >
          MISSING: uhOh
        </span>
        <span
          className="c8"
        >
          MISSING: donationFailureMsg
        </span>
      </div>
    </div>
  </div>
</div>
`;
