// Jest Snapshot v1, https://goo.gl/fbAQLP

exports[`DisabledPanel tests basic tests matches the snapshot 1`] = `
<div
  className="sc-bdVaJa hTqUu"
>
  <div
    className="sc-EHOje fhxHOS"
  >
    <div
      className="sc-bwzfXH bGlxtG"
    >
      MISSING: disabledPanelTitle
    </div>
    <div
      className="sc-htpNat hSmVOt"
    >
      MISSING: disabledPanelOff
    </div>
  </div>
  <div
    className="sc-bxivhb gTKsns"
  >
    MISSING: disabledPanelText
    <a
      className="sc-ifAKCX iHBwJd"
    >
      MISSING: disabledPanelSettings
    </a>
  </div>
</div>
`;
