// Jest Snapshot v1, https://goo.gl/fbAQLP

exports[`ListToken tests basic tests matches the snapshot 1`] = `
<div
  className="sc-bdVaJa gdknxv"
  id="list"
>
  <div
    className="sc-bwzfXH eRtQwy"
  />
  <div
    className="sc-htpNat jhhtYb"
  >
    <span
      className="sc-bxivhb gSpkJY"
      color="default"
      size="normal"
    >
      <span
        className="sc-ifAKCX kmbVwf"
      >
        <span
          className="sc-EHOje gWUFzs"
        >
          
          10
        </span>
        <span
          className="sc-gzVnrw cbUCCn"
        >
          MISSING: bat
        </span>
      </span>
    </span>
  </div>
</div>
`;
