// Jest Snapshot v1, https://goo.gl/fbAQLP

exports[`PanelWelcome tests basic tests matches the snapshot 1`] = `
.c7 {
  box-sizing: border-box;
  font-family: Poppins,sans-serif;
  font-weight: 400;
  -webkit-font-smoothing: antialiased;
  margin: 0;
}

.c6 {
  font-size: 24px;
}

.c0 {
  text-align: center;
  border-radius: 8px;
  font-family: "Poppins",sans-serif;
  background-image: linear-gradient(140deg,#392DD1 0%,#8E2995 100%);
}

.c1 {
  margin: 0 auto;
  display: inline-block;
  padding: 35px 30px 25px;
  background: url(test-file-stub) no-repeat top;
}

.c2 {
  width: 261px;
  color: #FFFFFF;
  font-size: 16px;
  font-weight: 300;
  -webkit-letter-spacing: 0.16px;
  -moz-letter-spacing: 0.16px;
  -ms-letter-spacing: 0.16px;
  letter-spacing: 0.16px;
  line-height: 22px;
  margin: 0 auto;
  opacity: 0.5;
  font-family: Muli,sans-serif;
}

.c3 {
  display: block;
  margin: -10px auto 2px;
  width: 150px;
  height: 115px;
  padding: 20px 0 15px;
}

.c5 {
  color: #FFFFFF;
  font-weight: 400;
  line-height: 22px;
  margin: 0;
  display: inline-block;
}

.c9 {
  color: #FFFFFF;
  font-size: 16px;
  font-weight: normal;
  -webkit-letter-spacing: 0;
  -moz-letter-spacing: 0;
  -ms-letter-spacing: 0;
  letter-spacing: 0;
  line-height: 24px;
  opacity: 0.5;
  margin: 15px auto 23px;
  text-align: center;
  width: 280px;
  font-family: Muli,sans-serif;
}

.c10 {
  margin: 0 auto 25px;
  display: inline-block;
}

.c14 {
  color: #73CBFF;
  font-size: 14px;
  font-weight: 500;
  -webkit-letter-spacing: -0.19px;
  -moz-letter-spacing: -0.19px;
  -ms-letter-spacing: -0.19px;
  letter-spacing: -0.19px;
  line-height: 21px;
  margin: 0 auto;
}

.c8 {
  display: inline-block;
  vertical-align: text-top;
  margin-top: -13px;
  color: #FFF;
  font-size: 9px;
  font-weight: 500;
  opacity: 0.7;
}

.c4 {
  width: 100%;
  height: 100%;
  fill: currentColor;
}

.c12 {
  --button-main-color: #C5C5D3;
  --button-main-color-hover: #A0A1B2;
  --button-main-color-active: #E9E9F4;
  --button-state-color: var(--button-main-color);
  --icon-size: 18px;
  --icon-spacing: 6px;
  --webkit-appearance: none;
  box-sizing: border-box;
  background: none;
  border: none;
  outline: none;
  display: -webkit-box;
  display: -webkit-flex;
  display: -ms-flexbox;
  display: flex;
  -webkit-flex-direction: row-reverse;
  -ms-flex-direction: row-reverse;
  flex-direction: row-reverse;
  -webkit-box-pack: center;
  -webkit-justify-content: center;
  -ms-flex-pack: center;
  justify-content: center;
  -webkit-align-items: center;
  -webkit-box-align: center;
  -ms-flex-align: center;
  align-items: center;
  font-family: Poppins,sans-serif;
  cursor: pointer;
  -webkit-user-select: none;
  -moz-user-select: none;
  -ms-user-select: none;
  user-select: none;
  font-size: 14px;
  border-radius: 28px;
  width: 100%;
  min-width: 235px;
  padding: 19px 15px;
}

.c12:hover:enabled {
  --button-state-color: var(--button-main-color-hover);
}

.c12:active:enabled {
  --button-state-color: var(--button-main-color-active);
}

.c11 {
  border: 1px solid;
  color: var(--button-state-color);
}

.c13 {
  min-height: var(--icon-size);
  display: -webkit-box;
  display: -webkit-flex;
  display: -ms-flexbox;
  display: flex;
  -webkit-align-items: center;
  -webkit-box-align: center;
  -ms-flex-align: center;
  align-items: center;
  text-align: center;
  -webkit-letter-spacing: 0;
  -moz-letter-spacing: 0;
  -ms-letter-spacing: 0;
  letter-spacing: 0;
  font-weight: 600;
  text-transform: uppercase;
  line-height: 1;
}

<div
  className="c0"
  id="panel-welcome"
>
  <div
    className="c1"
  >
    <p
      className="c2"
    >
      MISSING: welcomeHeaderOne
    </p>
    <span
      className="c3"
    >
      <svg
        aria-hidden="true"
        className="c4"
        focusable="false"
        viewBox="0 0 32 32"
      >
        <g
          fill="none"
          fillRule="evenodd"
        >
          <path
            d="M11.7529 21.0875l3.469-5.945c.174-.298.475-.448.778-.448v-8.695c-.303 0-.604.15-.778.447l-11.098 19.025c-.174.299-.154.635-.006.897l7.608-4.437c-.123-.254-.135-.565.027-.844"
            fill="#FF5000"
          />
          <path
            d="M16.7783 15.1422l3.469 5.945c.162.28.15.59.027.844l7.608 4.438c.148-.263.167-.599-.006-.898l-11.098-19.024c-.174-.298-.476-.448-.778-.448v8.696c.302 0 .604.149.778.447"
            fill="#9E1F63"
          />
          <path
            d="M27.8818 26.3687l-7.607-4.437c-.143.292-.435.511-.807.511h-6.936c-.372 0-.664-.219-.806-.511l-7.608 4.437c.152.267.435.459.785.459h22.195c.349 0 .633-.192.784-.459"
            fill="#662D91"
          />
          <path
            d="M11.7256 21.9312c.143.293.435.512.807.512h6.935c.372 0 .664-.219.807-.512.123-.254.135-.564-.028-.844l-3.468-5.945c-.174-.298-.476-.447-.779-.447-.302 0-.604.149-.778.447l-3.469 5.945c-.162.28-.15.59-.027.844"
            fill="#FFF"
          />
        </g>
      </svg>
    </span>
    <h4
      className="c5 c6 c7"
    >
      MISSING: braveRewards
    </h4>
    <span
      className="c8"
    >
      TM
    </span>
    <p
      className="c9"
    >
      MISSING: welcomeDescOne
    </p>
    <div
      className="c10"
    >
      <button
        className="c11 c12"
        size="call-to-action"
        type="subtle"
      >
        <div
          className="c13"
          size="call-to-action"
          type="subtle"
        >
          MISSING: welcomeButtonTextOne
        </div>
      </button>
    </div>
    <p
      className="c14"
    >
      MISSING: welcomeFooterTextOne
    </p>
  </div>
</div>
`;
