// Jest Snapshot v1, https://goo.gl/fbAQLP

exports[`Tip tests basic tests matches the snapshot 1`] = `
<div
  className="sc-bdVaJa bGqynf"
  id="tip"
>
  <button
    className="sc-ifAKCX iGyZFT"
  >
    <svg
      aria-hidden="true"
      className="sc-cJSrbW dquraM"
      focusable="false"
      viewBox="0 0 32 32"
    >
      <path
        d="M16 3a13 13 0 1 0 13 13A13 13 0 0 0 16 3zm0 24a11 11 0 1 1 11-11 11 11 0 0 1-11 11z"
      />
      <path
        d="M20.71 11.29a1 1 0 0 0-1.42 0L16 14.59l-3.29-3.3a1 1 0 0 0-1.42 1.42l3.3 3.29-3.3 3.29a1 1 0 0 0 0 1.42 1 1 0 0 0 1.42 0l3.29-3.3 3.29 3.3a1 1 0 0 0 1.42 0 1 1 0 0 0 0-1.42L17.41 16l3.3-3.29a1 1 0 0 0 0-1.42z"
      />
    </svg>
  </button>
  <div
    className="sc-bwzfXH egXHlP"
  >
    Send my tip to
  </div>
  <div
    className="sc-bZQynM eTqedG"
    disabled={false}
  >
    <div
      className="sc-gzVnrw icLCgE"
    >
      <div
        className="sc-htoDjs eFLjSx"
      >
        
      </div>
      <div
        className="sc-jzJRlG OMbkx"
      />
      <div
        className="sc-EHOje kWsEMu"
      >
        <span
          className="sc-bxivhb cKRqAw"
        >
          MISSING: allowTip
           
        </span>
        <span
          className="sc-htpNat iDQmTi"
        >
          <div
            className="sc-giadOv hablko"
          >
            <div
              className="sc-hmXxxW fJeAUB"
              size="small"
            >
              MISSING: off
            </div>
            <div
              className="sc-fONwsr fzRQlH"
              data-test-id="toggle"
              onClick={[Function]}
              size="small"
            >
              <div
                className="sc-VJcYb fqecIM"
                size="small"
              />
              <div
                className="sc-ipXKqB gcGQCJ"
                size="small"
                type="light"
              />
            </div>
          </div>
        </span>
      </div>
    </div>
    <div
      className="sc-dnqmqq dJPirg"
      data-test-id="send-tip-button"
      onClick={[Function]}
    >
      <div
        className="sc-gZMcBi jWEJbP"
      >
        <button
          className="sc-iwsKbI VYNKi"
        >
          <span
            className="sc-gqjmRU kOZzMK"
            disabled={false}
          >
            <svg
              aria-hidden="true"
              className="sc-feJyhm dMzbko"
              focusable="false"
              viewBox="0 0 32 32"
            >
              <path
                d="M29 4v-.07a1 1 0 0 0 0-.24.42.42 0 0 0 0-.1.84.84 0 0 0-.18-.28.84.84 0 0 0-.29-.2h-.1a1 1 0 0 0-.37-.11H28a.87.87 0 0 0-.28.05h-.07L3.6 13.66a1 1 0 0 0-.12 1.77l8.17 4.94 5.14 8.16a1 1 0 0 0 .84.47h.08a1 1 0 0 0 .84-.6l10.37-24A1 1 0 0 0 29 4zm-5.47 3L12.21 18.38l-6.05-3.67zm-6.06 18.86l-3.83-6.08L25 8.41z"
              />
            </svg>
          </span>
          MISSING: sendTip
        </button>
      </div>
    </div>
  </div>
</div>
`;
